Archive member included because of file (symbol)

contiki-z1.a(rimeaddr.o)      example-collect.co (rimeaddr_copy)
contiki-z1.a(rime.o)          obj_z1/contiki-z1-main.o (rime_driver)
contiki-z1.a(announcement.o)  contiki-z1.a(rime.o) (announcement_init)
contiki-z1.a(broadcast-annou)
                              contiki-z1.a(rime.o) (broadcast_announcement_init)
contiki-z1.a(broadcast.o)     example-collect.co (broadcast_open)
contiki-z1.a(abc.o)           contiki-z1.a(broadcast.o) (abc_open)
contiki-z1.a(collect.o)       example-collect.co (collect_open)
contiki-z1.a(collect-neighbo)
                              contiki-z1.a(collect.o) (collect_neighbor_init)
contiki-z1.a(collect-link-es)
                              contiki-z1.a(collect-neighbo) (collect_link_estimate_new)
contiki-z1.a(chameleon.o)     contiki-z1.a(rime.o) (chameleon_init)
contiki-z1.a(channel.o)       contiki-z1.a(chameleon.o) (channel_init)
contiki-z1.a(chameleon-bitop)
                              contiki-z1.a(chameleon.o) (chameleon_bitopt)
contiki-z1.a(csma.o)          obj_z1/contiki-z1-main.o (csma_driver)
contiki-z1.a(contikimac.o)    obj_z1/contiki-z1-main.o (contikimac_driver)
contiki-z1.a(phase.o)         contiki-z1.a(contikimac.o) (phase_update)
contiki-z1.a(process.o)       obj_z1/contiki-z1-main.o (process_init)
contiki-z1.a(autostart.o)     obj_z1/contiki-z1-main.o (autostart_start)
contiki-z1.a(compower.o)      contiki-z1.a(contikimac.o) (compower_accumulate)
contiki-z1.a(serial-line.o)   obj_z1/contiki-z1-main.o (serial_line_input_byte)
contiki-z1.a(memb.o)          contiki-z1.a(collect-neighbo) (memb_init)
contiki-z1.a(timer.o)         contiki-z1.a(collect-neighbo) (timer_set)
contiki-z1.a(list.o)          contiki-z1.a(announcement.o) (list_init)
contiki-z1.a(etimer.o)        obj_z1/contiki-z1-main.o (etimer_process)
contiki-z1.a(ctimer.o)        obj_z1/contiki-z1-main.o (ctimer_init)
contiki-z1.a(energest.o)      obj_z1/contiki-z1-main.o (energest_init)
contiki-z1.a(rtimer.o)        obj_z1/contiki-z1-main.o (rtimer_init)
contiki-z1.a(random.o)        example-collect.co (random_rand)
contiki-z1.a(ringbuf.o)       contiki-z1.a(serial-line.o) (ringbuf_init)
contiki-z1.a(nbr-table.o)     contiki-z1.a(phase.o) (nbr_table_register)
contiki-z1.a(packetbuf.o)     contiki-z1.a(contikimac.o) (packetbuf_hdr_remove)
contiki-z1.a(packetqueue.o)   contiki-z1.a(collect.o) (packetqueue_enqueue_packetbuf)
contiki-z1.a(queuebuf.o)      contiki-z1.a(rime.o) (queuebuf_init)
contiki-z1.a(contiki-z1-plat)
                              obj_z1/contiki-z1-main.o (init_platform)
contiki-z1.a(msp430.o)        obj_z1/contiki-z1-main.o (msp430_cpu_init)
contiki-z1.a(leds.o)          obj_z1/contiki-z1-main.o (leds_init)
contiki-z1.a(watchdog.o)      obj_z1/contiki-z1-main.o (watchdog_start)
contiki-z1.a(xmem.o)          obj_z1/contiki-z1-main.o (xmem_init)
contiki-z1.a(spi.o)           contiki-z1.a(xmem.o) (spi_init)
contiki-z1.a(cc2420.o)        obj_z1/contiki-z1-main.o (cc2420_set_channel)
contiki-z1.a(cc2420-arch.o)   contiki-z1.a(cc2420.o) (cc2420_arch_init)
contiki-z1.a(node-id.o)       obj_z1/contiki-z1-main.o (node_id_restore)
contiki-z1.a(sensors.o)       contiki-z1.a(contiki-z1-plat) (sensors_process)
contiki-z1.a(button-sensor.o)
                              obj_z1/contiki-z1-main.o (button_sensor)
contiki-z1.a(uart0.o)         obj_z1/contiki-z1-main.o (uart0_active)
contiki-z1.a(uart0-putchar.o)
                              obj_z1/contiki-z1-main.o (putchar)
contiki-z1.a(adxl345.o)       obj_z1/contiki-z1-main.o (accm_init)
contiki-z1.a(clock.o)         contiki-z1.a(collect.o) (clock_time)
contiki-z1.a(leds-arch.o)     contiki-z1.a(leds.o) (leds_arch_init)
contiki-z1.a(rtimer-arch.o)   contiki-z1.a(rtimer.o) (rtimer_arch_init)
contiki-z1.a(unicast.o)       contiki-z1.a(collect.o) (unicast_open)
contiki-z1.a(mac.o)           contiki-z1.a(csma.o) (mac_call_sent_callback)
contiki-z1.a(framer-802154.o)
                              contiki-z1.a(contikimac.o) (framer_802154)
contiki-z1.a(i2cmaster.o)     contiki-z1.a(adxl345.o) (i2c_receiveinit)
contiki-z1.a(frame802154.o)   contiki-z1.a(framer-802154.o) (frame802154_hdrlen)
/usr/bin/../lib/gcc/msp430/4.6.3/mcpu-430x/mmpy-16/libgcc.a(_mulsi3.o)
                              contiki-z1.a(csma.o) (__mulsi3)
/usr/bin/../lib/gcc/msp430/4.6.3/mcpu-430x/mmpy-16/libgcc.a(_udivmod16.o)
                              example-collect.co (__umodhi3)
/usr/bin/../lib/gcc/msp430/4.6.3/mcpu-430x/mmpy-16/libgcc.a(_divmod16.o)
                              contiki-z1.a(nbr-table.o) (__divhi3)
/usr/bin/../lib/gcc/msp430/4.6.3/mcpu-430x/mmpy-16/libgcc.a(_udivmod32.o)
                              obj_z1/contiki-z1-main.o (__udivsi3)
/usr/bin/../lib/gcc/msp430/4.6.3/../../../../msp430/lib/mcpu-430x/mmpy-16/libc.a(strncmp.o)
                              contiki-z1.a(sensors.o) (strncmp)
/usr/bin/../lib/gcc/msp430/4.6.3/../../../../msp430/lib/mcpu-430x/mmpy-16/libc.a(memcmp.o)
[...]
Memory Configuration

Name             Origin             Length             Attributes
sfr              0x0000000000000000 0x0000000000000010
peripheral_8bit  0x0000000000000010 0x00000000000000f0
peripheral_16bit 0x0000000000000100 0x0000000000000100
ram_mirror       0x0000000000000200 0x0000000000000800 xw
infomem          0x0000000000001000 0x0000000000000100
infod            0x0000000000001000 0x0000000000000040
infoc            0x0000000000001040 0x0000000000000040
infob            0x0000000000001080 0x0000000000000040
infoa            0x00000000000010c0 0x0000000000000040
ram              0x0000000000001100 0x0000000000002000 xw
rom              0x0000000000003100 0x000000000000cebe xr
vectors          0x000000000000ffc0 0x0000000000000040
far_rom          0x0000000000010000 0x000000000000a000
bsl              0x0000000000000000 0x0000000000000000
ram2             0x0000000000000000 0x0000000000000000 xw
usbram           0x0000000000000000 0x0000000000000000 xw
*default*        0x0000000000000000 0xffffffffffffffff

Linker script and memory map

LOAD /usr/bin/../lib/gcc/msp430/4.6.3/mcpu-430x/mmpy-16/crt0ivtbl32.o
                0x0000000000000041                __P1SEL2 = 0x41
                0x0000000000000045                __P5SEL2 = 0x45
LOAD example-collect.co
LOAD obj_z1/contiki-z1-main.o
LOAD contiki-z1.a
LOAD /usr/bin/../lib/gcc/msp430/4.6.3/mcpu-430x/mmpy-16/libgcc.a
LOAD /usr/bin/../lib/gcc/msp430/4.6.3/../../../../msp430/lib/mcpu-430x/mmpy-16/libc.a
LOAD /usr/bin/../lib/gcc/msp430/4.6.3/mcpu-430x/mmpy-16/libgcc.a
LOAD /usr/bin/../lib/gcc/msp430/4.6.3/mcpu-430x/mmpy-16/libcrt0.a
                0x0000000000000040                PROVIDE (__info_segment_size, 0x40)
                0x0000000000001000                PROVIDE (__infod, 0x1000)
                0x0000000000001040                PROVIDE (__infoc, 0x1040)
                0x0000000000001080                PROVIDE (__infob, 0x1080)
                0x00000000000010c0                PROVIDE (__infoa, 0x10c0)
                0x0000000000000000                __IE1 = 0x0
                0x0000000000000002                __IFG1 = 0x2
                0x0000000000000001                __IE2 = 0x1
                0x0000000000000003                __IFG2 = 0x3
                0x0000000000000006                __UC1IE = 0x6
                0x0000000000000007                __UC1IFG = 0x7
                0x00000000000001a0                __ADC12CTL0 = 0x1a0
                0x00000000000001a2                __ADC12CTL1 = 0x1a2
                0x00000000000001a4                __ADC12IFG = 0x1a4
                0x00000000000001a6                __ADC12IE = 0x1a6
                0x00000000000001a8                __ADC12IV = 0x1a8
                0x0000000000000140                __ADC12MEM0 = 0x140
                0x0000000000000142                __ADC12MEM1 = 0x142
                0x0000000000000144                __ADC12MEM2 = 0x144
                0x0000000000000146                __ADC12MEM3 = 0x146
                0x0000000000000148                __ADC12MEM4 = 0x148
                0x000000000000014a                __ADC12MEM5 = 0x14a
                0x000000000000014c                __ADC12MEM6 = 0x14c
                0x000000000000014e                __ADC12MEM7 = 0x14e
                0x0000000000000150                __ADC12MEM8 = 0x150
                0x0000000000000152                __ADC12MEM9 = 0x152
                0x0000000000000154                __ADC12MEM10 = 0x154
                0x0000000000000156                __ADC12MEM11 = 0x156
                0x0000000000000158                __ADC12MEM12 = 0x158
                0x000000000000015a                __ADC12MEM13 = 0x15a
                0x000000000000015c                __ADC12MEM14 = 0x15c
                0x000000000000015e                __ADC12MEM15 = 0x15e
                0x0000000000000080                __ADC12MCTL0 = 0x80
                0x0000000000000081                __ADC12MCTL1 = 0x81
                0x0000000000000082                __ADC12MCTL2 = 0x82
                0x0000000000000083                __ADC12MCTL3 = 0x83
                0x0000000000000084                __ADC12MCTL4 = 0x84
                0x0000000000000085                __ADC12MCTL5 = 0x85
                0x0000000000000086                __ADC12MCTL6 = 0x86
                0x0000000000000087                __ADC12MCTL7 = 0x87
                0x0000000000000088                __ADC12MCTL8 = 0x88
                0x0000000000000089                __ADC12MCTL9 = 0x89
                0x000000000000008a                __ADC12MCTL10 = 0x8a
                0x000000000000008b                __ADC12MCTL11 = 0x8b
                0x000000000000008c                __ADC12MCTL12 = 0x8c
                0x000000000000008d                __ADC12MCTL13 = 0x8d
                0x000000000000008e                __ADC12MCTL14 = 0x8e
                0x000000000000008f                __ADC12MCTL15 = 0x8f
                0x0000000000000056                __DCOCTL = 0x56
                0x0000000000000057                __BCSCTL1 = 0x57
                0x0000000000000058                __BCSCTL2 = 0x58
                0x0000000000000053                __BCSCTL3 = 0x53
                0x0000000000000059                __CACTL1 = 0x59
                0x000000000000005a                __CACTL2 = 0x5a
                0x000000000000005b                __CAPD = 0x5b
                0x00000000000001c0                __DAC12_0CTL = 0x1c0
                0x00000000000001c2                __DAC12_1CTL = 0x1c2
                0x00000000000001c8                __DAC12_0DAT = 0x1c8
                0x00000000000001ca                __DAC12_1DAT = 0x1ca
                0x0000000000000122                __DMACTL0 = 0x122
                0x0000000000000124                __DMACTL1 = 0x124
                0x0000000000000126                __DMAIV = 0x126
                0x00000000000001d0                __DMA0CTL = 0x1d0
                0x00000000000001dc                __DMA1CTL = 0x1dc
                0x00000000000001e8                __DMA2CTL = 0x1e8
                0x00000000000001d2                __DMA0SA = 0x1d2
                0x00000000000001d2                __DMA0SAL = 0x1d2
                0x00000000000001d6                __DMA0DA = 0x1d6
                0x00000000000001d6                __DMA0DAL = 0x1d6
                0x00000000000001da                __DMA0SZ = 0x1da
                0x00000000000001de                __DMA1SA = 0x1de
                0x00000000000001de                __DMA1SAL = 0x1de
                0x00000000000001e2                __DMA1DA = 0x1e2
                0x00000000000001e2                __DMA1DAL = 0x1e2
                0x00000000000001e6                __DMA1SZ = 0x1e6
                0x00000000000001ea                __DMA2SA = 0x1ea
                0x00000000000001ea                __DMA2SAL = 0x1ea
                0x00000000000001ee                __DMA2DA = 0x1ee
                0x00000000000001ee                __DMA2DAL = 0x1ee
                0x00000000000001f2                __DMA2SZ = 0x1f2
                0x0000000000000128                __FCTL1 = 0x128
                0x000000000000012a                __FCTL2 = 0x12a
                0x000000000000012c                __FCTL3 = 0x12c
                0x00000000000001be                __FCTL4 = 0x1be
                0x0000000000000130                __MPY = 0x130
                0x0000000000000132                __MPYS = 0x132
                0x0000000000000134                __MAC = 0x134
                0x0000000000000136                __MACS = 0x136
                0x0000000000000138                __OP2 = 0x138
                0x000000000000013a                __RESLO = 0x13a
                0x000000000000013c                __RESHI = 0x13c
                0x000000000000013e                __SUMEXT = 0x13e
                0x0000000000000020                __P1IN = 0x20
                0x0000000000000021                __P1OUT = 0x21
                0x0000000000000022                __P1DIR = 0x22
                0x0000000000000023                __P1IFG = 0x23
                0x0000000000000024                __P1IES = 0x24
                0x0000000000000025                __P1IE = 0x25
                0x0000000000000026                __P1SEL = 0x26
                0x0000000000000027                __P1REN = 0x27
                0x0000000000000028                __P2IN = 0x28
                0x0000000000000029                __P2OUT = 0x29
                0x000000000000002a                __P2DIR = 0x2a
                0x000000000000002b                __P2IFG = 0x2b
                0x000000000000002c                __P2IES = 0x2c
                0x000000000000002d                __P2IE = 0x2d
                0x000000000000002e                __P2SEL = 0x2e
                0x000000000000002f                __P2REN = 0x2f
                0x0000000000000018                __P3IN = 0x18
                0x0000000000000019                __P3OUT = 0x19
                0x000000000000001a                __P3DIR = 0x1a
                0x000000000000001b                __P3SEL = 0x1b
                0x0000000000000010                __P3REN = 0x10
                0x000000000000001c                __P4IN = 0x1c
                0x000000000000001d                __P4OUT = 0x1d
                0x000000000000001e                __P4DIR = 0x1e
                0x000000000000001f                __P4SEL = 0x1f
                0x0000000000000011                __P4REN = 0x11
                0x0000000000000030                __P5IN = 0x30
                0x0000000000000031                __P5OUT = 0x31
                0x0000000000000032                __P5DIR = 0x32
                0x0000000000000033                __P5SEL = 0x33
                0x0000000000000012                __P5REN = 0x12
                0x0000000000000034                __P6IN = 0x34
                0x0000000000000035                __P6OUT = 0x35
                0x0000000000000036                __P6DIR = 0x36
                0x0000000000000037                __P6SEL = 0x37
                0x0000000000000013                __P6REN = 0x13
                0x0000000000000038                __P7IN = 0x38
                0x000000000000003a                __P7OUT = 0x3a
                0x000000000000003c                __P7DIR = 0x3c
                0x000000000000003e                __P7SEL = 0x3e
                0x0000000000000014                __P7REN = 0x14
                0x0000000000000039                __P8IN = 0x39
                0x000000000000003b                __P8OUT = 0x3b
                0x000000000000003d                __P8DIR = 0x3d
                0x000000000000003f                __P8SEL = 0x3f
                0x0000000000000015                __P8REN = 0x15
                0x0000000000000038                __PAIN = 0x38
                0x000000000000003a                __PAOUT = 0x3a
                0x000000000000003c                __PADIR = 0x3c
                0x000000000000003e                __PASEL = 0x3e
                0x0000000000000014                __PAREN = 0x14
                0x0000000000000055                __SVSCTL = 0x55
                0x000000000000012e                __TAIV = 0x12e
                0x0000000000000160                __TACTL = 0x160
                0x0000000000000162                __TACCTL0 = 0x162
                0x0000000000000164                __TACCTL1 = 0x164
                0x0000000000000166                __TACCTL2 = 0x166
                0x0000000000000170                __TAR = 0x170
                0x0000000000000172                __TACCR0 = 0x172
                0x0000000000000174                __TACCR1 = 0x174
                0x0000000000000176                __TACCR2 = 0x176
                0x000000000000011e                __TBIV = 0x11e
                0x0000000000000180                __TBCTL = 0x180
                0x0000000000000182                __TBCCTL0 = 0x182
                0x0000000000000184                __TBCCTL1 = 0x184
                0x0000000000000186                __TBCCTL2 = 0x186
                0x0000000000000188                __TBCCTL3 = 0x188
                0x000000000000018a                __TBCCTL4 = 0x18a
                0x000000000000018c                __TBCCTL5 = 0x18c
                0x000000000000018e                __TBCCTL6 = 0x18e
                0x0000000000000190                __TBR = 0x190
                0x0000000000000192                __TBCCR0 = 0x192
                0x0000000000000194                __TBCCR1 = 0x194
                0x0000000000000196                __TBCCR2 = 0x196
                0x0000000000000198                __TBCCR3 = 0x198
                0x000000000000019a                __TBCCR4 = 0x19a
                0x000000000000019c                __TBCCR5 = 0x19c
                0x000000000000019e                __TBCCR6 = 0x19e
                0x0000000000000060                __UCA0CTL0 = 0x60
                0x0000000000000061                __UCA0CTL1 = 0x61
                0x0000000000000062                __UCA0BR0 = 0x62
                0x0000000000000063                __UCA0BR1 = 0x63
                0x0000000000000064                __UCA0MCTL = 0x64
                0x0000000000000065                __UCA0STAT = 0x65
                0x0000000000000066                __UCA0RXBUF = 0x66
                0x0000000000000067                __UCA0TXBUF = 0x67
                0x000000000000005d                __UCA0ABCTL = 0x5d
                0x000000000000005e                __UCA0IRTCTL = 0x5e
                0x000000000000005f                __UCA0IRRCTL = 0x5f
                0x0000000000000068                __UCB0CTL0 = 0x68
                0x0000000000000069                __UCB0CTL1 = 0x69
                0x000000000000006a                __UCB0BR0 = 0x6a
                0x000000000000006b                __UCB0BR1 = 0x6b
                0x000000000000006c                __UCB0I2CIE = 0x6c
                0x000000000000006d                __UCB0STAT = 0x6d
                0x000000000000006e                __UCB0RXBUF = 0x6e
                0x000000000000006f                __UCB0TXBUF = 0x6f
                0x0000000000000118                __UCB0I2COA = 0x118
                0x000000000000011a                __UCB0I2CSA = 0x11a
                0x00000000000000d0                __UCA1CTL0 = 0xd0
                0x00000000000000d1                __UCA1CTL1 = 0xd1
                0x00000000000000d2                __UCA1BR0 = 0xd2
                0x00000000000000d3                __UCA1BR1 = 0xd3
                0x00000000000000d4                __UCA1MCTL = 0xd4
                0x00000000000000d5                __UCA1STAT = 0xd5
                0x00000000000000d6                __UCA1RXBUF = 0xd6
                0x00000000000000d7                __UCA1TXBUF = 0xd7
                0x00000000000000cd                __UCA1ABCTL = 0xcd
                0x00000000000000ce                __UCA1IRTCTL = 0xce
                0x00000000000000cf                __UCA1IRRCTL = 0xcf
                0x00000000000000d8                __UCB1CTL0 = 0xd8
                0x00000000000000d9                __UCB1CTL1 = 0xd9
                0x00000000000000da                __UCB1BR0 = 0xda
                0x00000000000000db                __UCB1BR1 = 0xdb
                0x00000000000000dc                __UCB1I2CIE = 0xdc
                0x00000000000000dd                __UCB1STAT = 0xdd
                0x00000000000000de                __UCB1RXBUF = 0xde
                0x00000000000000df                __UCB1TXBUF = 0xdf
                0x000000000000017c                __UCB1I2COA = 0x17c
                0x000000000000017e                __UCB1I2CSA = 0x17e
                0x0000000000000120                __WDTCTL = 0x120
                0x00000000000010c0                __TLV_CHECKSUM = 0x10c0
                0x00000000000010f6                __TLV_DCO_30_TAG = 0x10f6
                0x00000000000010f7                __TLV_DCO_30_LEN = 0x10f7
                0x00000000000010da                __TLV_ADC12_1_TAG = 0x10da
                0x00000000000010db                __TLV_ADC12_1_LEN = 0x10db
                0x00000000000010f8                __CALDCO_16MHZ = 0x10f8
                0x00000000000010f9                __CALBC1_16MHZ = 0x10f9
                0x00000000000010fa                __CALDCO_12MHZ = 0x10fa
                0x00000000000010fb                __CALBC1_12MHZ = 0x10fb
                0x00000000000010fc                __CALDCO_8MHZ = 0x10fc
                0x00000000000010fd                __CALBC1_8MHZ = 0x10fd
                0x00000000000010fe                __CALDCO_1MHZ = 0x10fe
                0x00000000000010ff                __CALBC1_1MHZ = 0x10ff

.hash
 *(.hash)

.dynsym
 *(.dynsym)

.dynstr
 *(.dynstr)

.gnu.version
 *(.gnu.version)

.gnu.version_d
 *(.gnu.version_d)

.gnu.version_r
 *(.gnu.version_r)

.rel.init
 *(.rel.init)

.rela.init
 *(.rela.init)

.rel.fini
 *(.rel.fini)

.rela.fini
 *(.rela.fini)

.rel.text
 *(.rel.text .rel.text.* .rel.gnu.linkonce.t.*)

.rela.text
 *(.rela.text .rela.text.* .rela.gnu.linkonce.t.*)

.rel.rodata
 *(.rel.rodata .rel.rodata.* .rel.gnu.linkonce.r.*)

.rela.rodata
 *(.rela.rodata .rela.rodata.* .rela.gnu.linkonce.r.*)

.rel.data
 *(.rel.data .rel.data.* .rel.gnu.linkonce.d.*)

.rela.data
 *(.rela.data .rela.data.* .rela.gnu.linkonce.d.*)

.rel.bss
 *(.rel.bss .rel.bss.* .rel.gnu.linkonce.b.*)

.rela.bss
 *(.rela.bss .rela.bss.* .rela.gnu.linkonce.b.*)

.rel.ctors
 *(.rel.ctors)

.rela.ctors
 *(.rela.ctors)

.rel.dtors
 *(.rel.dtors)

.rela.dtors
 *(.rela.dtors)

.rel.got
 *(.rel.got)

.rela.got
 *(.rela.got)

.rel.plt
 *(.rel.plt)

.rela.plt
 *(.rela.plt)

.text           0x0000000000003100     0x6f50
                0x0000000000003100                . = ALIGN (0x2)
 *(.init .init.*)
 *(.init0)
 .init0         0x0000000000003100        0x0 /usr/bin/../lib/gcc/msp430/4.6.3/mcpu-430x/mmpy-16/libcrt0.a(_reset_vector__.o)
                0x0000000000003100                _reset_vector__
 *(.init1)
 .init1         0x0000000000003100        0xc /usr/bin/../lib/gcc/msp430/4.6.3/mcpu-430x/mmpy-16/libcrt0.a(__watchdog_support.o)
                0x0000000000003100                __watchdog_support
 *(.init2)
 .init2         0x000000000000310c        0x4 /usr/bin/../lib/gcc/msp430/4.6.3/mcpu-430x/mmpy-16/libcrt0.a(__init_stack.o)
                0x000000000000310c                __init_stack
 *(.init3)
 .init3         0x0000000000003110        0x0 /usr/bin/../lib/gcc/msp430/4.6.3/mcpu-430x/mmpy-16/libcrt0.a(__low_level_init.o)
                0x0000000000003110                __low_level_init
 *(.init4)
 .init4         0x0000000000003110       0x18 /usr/bin/../lib/gcc/msp430/4.6.3/mcpu-430x/mmpy-16/libcrt0.a(_copy_data.o)
                0x0000000000003110                __do_copy_data
 .init4         0x0000000000003128       0x16 /usr/bin/../lib/gcc/msp430/4.6.3/mcpu-430x/mmpy-16/libcrt0.a(_clear_bss.o)
                0x0000000000003128                __do_clear_bss
 *(.init5)
 *(.init6)
 *(.init7)
 *(.init8)
 *(.init9)
 .init9         0x000000000000313e      0x302 obj_z1/contiki-z1-main.o
                0x000000000000313e                main
 *(.fini9)
 .fini9         0x0000000000003440        0x0 /usr/bin/../lib/gcc/msp430/4.6.3/mcpu-430x/mmpy-16/libcrt0.a(__stop_progExec__.o)
                0x0000000000003440                __stop_progExec__
 *(.fini8)
 *(.fini7)
 *(.fini6)
 *(.fini5)
 *(.fini4)
 *(.fini3)
 *(.fini2)
 *(.fini1)
 *(.fini0)
 .fini0         0x0000000000003440        0x6 /usr/bin/../lib/gcc/msp430/4.6.3/mcpu-430x/mmpy-16/libcrt0.a(_endless_loop__.o)
                0x0000000000003440                _endless_loop__
 *(.fini .fini.*)
                0x0000000000003446                . = ALIGN (0x2)
                0x0000000000003446                __ctors_start = .
 *(.ctors)
                0x0000000000003446                __ctors_end = .
                0x0000000000003446                __dtors_start = .
 *(.dtors)
                0x0000000000003446                __dtors_end = .
                0x0000000000003446                . = ALIGN (0x2)
 *(.text .text.* .gnu.linkonce.t.*)
 .text          0x0000000000003446        0x4 /usr/bin/../lib/gcc/msp430/4.6.3/mcpu-430x/mmpy-16/crt0ivtbl32.o
                0x0000000000003446                __isr_14
                0x0000000000003446                __isr_4
                0x0000000000003446                __isr_29
                0x0000000000003446                __isr_11
                0x0000000000003446                __isr_5
                0x0000000000003446                __isr_2
                0x0000000000003446                __isr_10
                0x0000000000003446                __isr_7
                0x0000000000003446                __isr_0
                0x0000000000003446                __isr_28
                0x0000000000003446                __isr_8
                0x0000000000003446                __isr_20
                0x0000000000003446                __isr_3
                0x0000000000003446                __isr_12
                0x0000000000003446                __isr_13
                0x0000000000003446                __isr_27
                0x0000000000003446                __isr_9
                0x0000000000003446                __isr_30
                0x0000000000003446                __isr_6
                0x0000000000003446                __isr_22
                0x0000000000003446                __isr_1
                0x0000000000003446                __isr_15
                0x0000000000003446                __isr_21
 .text.crt0     0x000000000000344a        0x0 /usr/bin/../lib/gcc/msp430/4.6.3/mcpu-430x/mmpy-16/crt0ivtbl32.o
 .text          0x000000000000344a      0x2dc example-collect.co
 .text          0x0000000000003726        0x6 obj_z1/contiki-z1-main.o
                0x0000000000003726                uip_log
 .text          0x000000000000372c       0x2a contiki-z1.a(rimeaddr.o)
                0x000000000000372c                rimeaddr_copy
                0x0000000000003738                rimeaddr_cmp
                0x000000000000374a                rimeaddr_set_node_addr
 .text          0x0000000000003756       0xd8 contiki-z1.a(rime.o)
                0x00000000000037f2                rime_sniffer_add
                0x00000000000037fe                rime_sniffer_remove
                0x000000000000380a                rime_output
 .text          0x000000000000382e      0x114 contiki-z1.a(announcement.o)
                0x000000000000382e                announcement_init
                0x0000000000003838                announcement_register
                0x0000000000003872                announcement_remove
                0x000000000000387e                announcement_remove_value
                0x00000000000038a0                announcement_set_value
                0x00000000000038c8                announcement_bump
                0x00000000000038ea                announcement_listen
                0x00000000000038f6                announcement_register_listen_callback
                0x00000000000038fc                announcement_register_observer_callback
                0x0000000000003902                announcement_list
                0x000000000000390c                announcement_heard
 .text          0x0000000000003942      0x1c2 contiki-z1.a(broadcast-annou)
                0x0000000000003a94                broadcast_announcement_init
                0x0000000000003ad8                broadcast_announcement_stop
                0x0000000000003afa                broadcast_announcement_beacon_interval
 .text          0x0000000000003b04       0x78 contiki-z1.a(broadcast.o)
                0x0000000000003b3a                broadcast_open
                0x0000000000003b5c                broadcast_close
                0x0000000000003b62                broadcast_send
 .text          0x0000000000003b7c       0x48 contiki-z1.a(abc.o)
                0x0000000000003b7c                abc_open
                0x0000000000003b9a                abc_close
                0x0000000000003ba0                abc_send
                0x0000000000003ba6                abc_input
                0x0000000000003bb4                abc_sent
 .text          0x0000000000003bc4      0xc00 contiki-z1.a(collect.o)
                0x0000000000004528                collect_open
                0x0000000000004604                collect_set_keepalive
                0x0000000000004612                collect_close
                0x000000000000463e                collect_set_sink
                0x00000000000046a2                collect_send
                0x0000000000004786                collect_depth
                0x000000000000478c                collect_parent
                0x0000000000004792                collect_purge
                0x00000000000047c2                collect_print_stats
 .text          0x00000000000047c4      0x36e contiki-z1.a(collect-neighbo)
                0x000000000000484e                collect_neighbor_init
                0x0000000000004862                collect_neighbor_list_new
                0x0000000000004894                collect_neighbor_list_find
                0x00000000000048ca                collect_neighbor_list_add
                0x0000000000004968                collect_neighbor_list
                0x0000000000004976                collect_neighbor_list_remove
                0x00000000000049a0                collect_neighbor_list_num
                0x00000000000049b2                collect_neighbor_list_get
                0x00000000000049dc                collect_neighbor_list_purge
                0x0000000000004a08                collect_neighbor_update_rtmetric
                0x0000000000004a16                collect_neighbor_tx_fail
                0x0000000000004a34                collect_neighbor_tx
                0x0000000000004a52                collect_neighbor_rx
                0x0000000000004a6a                collect_neighbor_rtmetric_link_estimate
                0x0000000000004a86                collect_neighbor_list_best
                0x0000000000004ac8                collect_neighbor_rtmetric
                0x0000000000004ad6                collect_neighbor_set_congested
                0x0000000000004aea                collect_neighbor_is_congested
                0x0000000000004b02                collect_neighbor_link_estimate
 .text          0x0000000000004b32       0xe0 contiki-z1.a(collect-link-es)
                0x0000000000004b32                collect_link_estimate_new
                0x0000000000004b44                collect_link_estimate_update_tx
                0x0000000000004bda                collect_link_estimate_update_tx_fail
                0x0000000000004bea                collect_link_estimate_update_rx
                0x0000000000004bec                collect_link_estimate
                0x0000000000004c04                collect_link_estimate_num_estimates
 .text          0x0000000000004c12       0x38 contiki-z1.a(chameleon.o)
                0x0000000000004c12                chameleon_init
                0x0000000000004c18                chameleon_parse
                0x0000000000004c28                chameleon_create
                0x0000000000004c44                chameleon_hdrsize
 .text          0x0000000000004c4a       0x66 contiki-z1.a(channel.o)
                0x0000000000004c4a                channel_init
                0x0000000000004c54                channel_open
                0x0000000000004c64                channel_close
                0x0000000000004c70                channel_lookup
                0x0000000000004c90                channel_set_attributes
 .text          0x0000000000004cb0      0x306 contiki-z1.a(chameleon-bitop)
                0x0000000000004cc6                get_bits_in_byte
                0x0000000000004d00                get_bits
                0x0000000000004e44                set_bits_in_byte
                0x0000000000004e70                set_bits
 .text          0x0000000000004fb6      0x358 contiki-z1.a(csma.o)
 .text          0x000000000000530e      0x768 contiki-z1.a(contikimac.o)
                0x0000000000005a72                contikimac_debug_print
 .text          0x0000000000005a76      0x1b6 contiki-z1.a(phase.o)
                0x0000000000005aba                phase_update
                0x0000000000005b3e                phase_wait
                0x0000000000005c18                phase_init
 .text          0x0000000000005c2c      0x2a0 contiki-z1.a(process.o)
                0x0000000000005d2c                process_alloc_event
                0x0000000000005d3a                process_exit
                0x0000000000005d44                process_init
                0x0000000000005d60                process_run
                0x0000000000005e04                process_nevents
                0x0000000000005e12                process_post
                0x0000000000005e62                process_post_synch
                0x0000000000005e74                process_start
                0x0000000000005ea6                process_poll
                0x0000000000005ebe                process_is_running
 .text          0x0000000000005ecc       0x2a contiki-z1.a(autostart.o)
                0x0000000000005ecc                autostart_start
                0x0000000000005ee2                autostart_exit
 .text          0x0000000000005ef6       0xb6 contiki-z1.a(compower.o)
                0x0000000000005ef6                compower_accumulate
                0x0000000000005f60                compower_clear
                0x0000000000005f72                compower_init
                0x0000000000005f7c                compower_attrconv
                0x0000000000005f8c                compower_accumulate_attrs
 .text          0x0000000000005fac      0x102 contiki-z1.a(serial-line.o)
                0x0000000000006048                serial_line_input_byte
                0x0000000000006092                serial_line_init
 .text          0x00000000000060ae       0xdc contiki-z1.a(memb.o)
                0x00000000000060ae                memb_init
                0x00000000000060e4                memb_alloc
                0x0000000000006122                memb_free
                0x000000000000615c                memb_inmemb
 .text          0x000000000000618a       0x8c contiki-z1.a(timer.o)
                0x000000000000618a                timer_set
                0x00000000000061a6                timer_reset
                0x00000000000061b4                timer_restart
                0x00000000000061c8                timer_expired
                0x00000000000061f2                timer_remaining
 .text          0x0000000000006216       0xf6 contiki-z1.a(list.o)
                0x0000000000006216                list_init
                0x000000000000621c                list_head
                0x0000000000006220                list_copy
                0x0000000000006226                list_tail
                0x0000000000006238                list_chop
                0x000000000000625c                list_pop
                0x000000000000626a                list_remove
                0x000000000000629e                list_push
                0x00000000000062b4                list_add
                0x00000000000062da                list_length
                0x00000000000062ea                list_insert
                0x0000000000006300                list_item_next
 .text          0x000000000000630c      0x252 contiki-z1.a(etimer.o)
                0x000000000000637c                etimer_request_poll
                0x0000000000006486                etimer_set
                0x0000000000006498                etimer_reset
                0x00000000000064aa                etimer_restart
                0x00000000000064bc                etimer_adjust
                0x00000000000064d6                etimer_expired
                0x00000000000064e4                etimer_expiration_time
                0x00000000000064f8                etimer_start_time
                0x0000000000006500                etimer_pending
                0x000000000000650c                etimer_next_expiration_time
                0x0000000000006522                etimer_stop
 .text          0x000000000000655e      0x1cc contiki-z1.a(ctimer.o)
                0x00000000000065fa                ctimer_init
                0x0000000000006612                ctimer_set
                0x0000000000006664                ctimer_reset
                0x000000000000669a                ctimer_restart
                0x00000000000066d0                ctimer_stop
                0x00000000000066f8                ctimer_expired
 .text          0x000000000000672a       0xae contiki-z1.a(energest.o)
                0x000000000000672a                energest_init
                0x0000000000006752                energest_type_time
                0x000000000000678e                energest_leveldevice_leveltime
                0x0000000000006794                energest_type_set
                0x00000000000067a0                energest_flush
 .text          0x00000000000067d8       0x50 contiki-z1.a(rtimer.o)
                0x00000000000067d8                rtimer_init
                0x00000000000067de                rtimer_set
                0x0000000000006802                rtimer_run_next
 .text          0x0000000000006828        0xc contiki-z1.a(random.o)
                0x0000000000006828                random_init
                0x000000000000682e                random_rand
 .text          0x0000000000006834       0x94 contiki-z1.a(ringbuf.o)
                0x0000000000006834                ringbuf_init
                0x0000000000006848                ringbuf_put
                0x0000000000006880                ringbuf_get
                0x00000000000068ae                ringbuf_size
                0x00000000000068b6                ringbuf_elements
 .text          0x00000000000068c8      0x450 contiki-z1.a(nbr-table.o)
                0x0000000000006a46                nbr_table_register
                0x0000000000006a6c                nbr_table_next
                0x0000000000006ae0                nbr_table_head
                0x0000000000006b12                nbr_table_add_lladdr
                0x0000000000006c3e                nbr_table_get_from_lladdr
                0x0000000000006c82                nbr_table_remove
                0x0000000000006cac                nbr_table_lock
                0x0000000000006cbc                nbr_table_unlock
                0x0000000000006ccc                nbr_table_get_lladdr
 .text          0x0000000000006d18      0x216 contiki-z1.a(packetbuf.o)
                0x0000000000006d18                packetbuf_clear_hdr
                0x0000000000006d20                packetbuf_copyto_hdr
                0x0000000000006d3c                packetbuf_copyto
                0x0000000000006d82                packetbuf_hdr_remove
                0x0000000000006d88                packetbuf_hdrreduce
                0x0000000000006da2                packetbuf_set_datalen
                0x0000000000006da8                packetbuf_dataptr
                0x0000000000006db6                packetbuf_hdrptr
                0x0000000000006dc0                packetbuf_is_reference
                0x0000000000006dce                packetbuf_compact
                0x0000000000006e16                packetbuf_reference_ptr
                0x0000000000006e1c                packetbuf_datalen
                0x0000000000006e22                packetbuf_hdrlen
                0x0000000000006e2c                packetbuf_totlen
                0x0000000000006e3c                packetbuf_hdralloc
                0x0000000000006e66                packetbuf_attr_clear
                0x0000000000006e92                packetbuf_clear
                0x0000000000006eac                packetbuf_reference
                0x0000000000006ec2                packetbuf_copyfrom
                0x0000000000006eec                packetbuf_attr_copyto
                0x0000000000006f0c                packetbuf_attr_copyfrom
 .text          0x0000000000006f2e      0x120 contiki-z1.a(packetqueue.o)
                0x0000000000006f60                packetqueue_init
                0x0000000000006f78                packetqueue_enqueue_packetbuf
                0x0000000000006fe2                packetqueue_first
                0x0000000000006fec                packetqueue_dequeue
                0x0000000000007028                packetqueue_len
                0x0000000000007032                packetqueue_queuebuf
                0x0000000000007040                packetqueue_ptr
 .text          0x000000000000704e      0x1a6 contiki-z1.a(queuebuf.o)
                0x000000000000704e                queuebuf_init
                0x0000000000007068                queuebuf_new_from_packetbuf
                0x00000000000070e2                queuebuf_update_attr_from_packetbuf
                0x00000000000070f4                queuebuf_free
                0x0000000000007134                queuebuf_to_packetbuf
                0x000000000000719e                queuebuf_dataptr
                0x00000000000071d0                queuebuf_datalen
                0x00000000000071d6                queuebuf_addr
                0x00000000000071e4                queuebuf_attr
                0x00000000000071f2                queuebuf_debug_print
 .text          0x00000000000071f4        0xc contiki-z1.a(contiki-z1-plat)
                0x00000000000071f4                init_platform
 .text          0x0000000000007200       0xd4 contiki-z1.a(msp430.o)
                0x0000000000007200                msp430_init_dco
                0x0000000000007228                msp430_quick_synch_dco
                0x00000000000072a6                msp430_cpu_init
                0x00000000000072cc                splhigh_
 .text          0x00000000000072d4      0x168 contiki-z1.a(leds.o)
                0x00000000000073cc                leds_init
                0x00000000000073da                leds_get
                0x00000000000073e0                leds_on
                0x00000000000073f4                leds_off
                0x0000000000007408                leds_invert
                0x0000000000007412                leds_toggle
                0x0000000000007418                leds_blink
 .text          0x000000000000743c       0x5c contiki-z1.a(watchdog.o)
                0x000000000000743c                __isr_26
                0x000000000000743c                watchdog_interrupt
                0x0000000000007442                watchdog_start
                0x0000000000007456                watchdog_periodic
                0x0000000000007468                watchdog_stop
                0x000000000000747e                watchdog_init
                0x0000000000007492                watchdog_reboot
 .text          0x0000000000007498      0x350 contiki-z1.a(xmem.o)
                0x0000000000007510                xmem_init
                0x000000000000752e                xmem_pread
                0x00000000000075fe                xmem_pwrite
                0x0000000000007732                xmem_erase
 .text          0x00000000000077e8       0x38 contiki-z1.a(spi.o)
                0x00000000000077e8                spi_init
 .text          0x0000000000007820      0xa4e contiki-z1.a(cc2420.o)
                0x0000000000007b72                cc2420_on
                0x0000000000007b94                cc2420_off
                0x0000000000007d60                cc2420_get_channel
                0x0000000000007d66                cc2420_set_channel
                0x0000000000007dd6                cc2420_set_pan_addr
                0x0000000000007f14                cc2420_init
                0x0000000000007fe4                cc2420_interrupt
                0x0000000000008004                cc2420_set_txpower
                0x0000000000008012                cc2420_get_txpower
                0x00000000000081d8                cc2420_rssi
                0x0000000000008232                cc2420_cca_valid
                0x0000000000008258                cc2420_set_cca_threshold
 .text          0x000000000000826e       0x1a contiki-z1.a(cc2420-arch.o)
                0x000000000000826e                cc2420_arch_init
 .text          0x0000000000008288       0x96 contiki-z1.a(node-id.o)
                0x0000000000008288                node_id_restore
                0x00000000000082d4                node_id_burn
 .text          0x000000000000831e      0x158 contiki-z1.a(sensors.o)
                0x00000000000083dc                sensors_first
                0x00000000000083e2                sensors_next
                0x000000000000840e                sensors_changed
                0x0000000000008438                sensors_find
 .text          0x0000000000008476      0x100 contiki-z1.a(button-sensor.o)
                0x0000000000008500                irq_p2
                0x0000000000008500                __isr_19
 .text          0x0000000000008576       0xd8 contiki-z1.a(uart0.o)
                0x0000000000008576                uart0_active
                0x0000000000008584                uart0_set_input
                0x000000000000858a                uart0_writeb
                0x00000000000085a2                uart0_init
                0x00000000000085e8                __isr_23
                0x00000000000085e8                uart0_rx_interrupt
 .text          0x000000000000864e       0x10 contiki-z1.a(uart0-putchar.o)
                0x000000000000864e                putchar
 .text          0x000000000000865e      0x318 contiki-z1.a(adxl345.o)
                0x000000000000865e                accm_write_reg
                0x000000000000868c                accm_write_stream
                0x00000000000086b6                accm_read_reg
                0x0000000000008760                accm_read_stream
                0x00000000000087b2                accm_read_axis
                0x00000000000087d8                accm_set_grange
                0x00000000000087fc                accm_init
                0x0000000000008886                accm_set_irq
                0x00000000000088b2                port1_isr
                0x00000000000088b2                __isr_18
 .text          0x0000000000008976      0x1c8 contiki-z1.a(clock.o)
                0x0000000000008976                __isr_24
                0x0000000000008976                timera1
                0x0000000000008a60                clock_time
                0x0000000000008a7a                clock_set
                0x0000000000008a90                clock_fine_max
                0x0000000000008a96                clock_fine
                0x0000000000008aa2                clock_init
                0x0000000000008aca                clock_delay
                0x0000000000008ad6                clock_wait
                0x0000000000008afe                clock_set_seconds
                0x0000000000008b16                clock_seconds
                0x0000000000008b30                clock_counter
 .text          0x0000000000008b3e       0x78 contiki-z1.a(leds-arch.o)
                0x0000000000008b3e                leds_arch_init
                0x0000000000008b4c                leds_arch_get
                0x0000000000008b7c                leds_arch_set
 .text          0x0000000000008bb6       0x7e contiki-z1.a(rtimer-arch.o)
                0x0000000000008bb6                rtimer_arch_init
                0x0000000000008bc4                rtimer_arch_now
                0x0000000000008bd2                __isr_25
                0x0000000000008bd2                timera0
                0x0000000000008c2e                rtimer_arch_schedule
 .text          0x0000000000008c34       0x78 contiki-z1.a(unicast.o)
                0x0000000000008c6e                unicast_open
                0x0000000000008c90                unicast_close
                0x0000000000008c96                unicast_send
 .text          0x0000000000008cac       0x14 contiki-z1.a(mac.o)
                0x0000000000008cac                mac_call_sent_callback
 .text          0x0000000000008cc0      0x1b4 contiki-z1.a(framer-802154.o)
 .text          0x0000000000008e74      0x1a8 contiki-z1.a(i2cmaster.o)
                0x0000000000008e74                i2c_receiveinit
                0x0000000000008eaa                i2c_transmitinit
                0x0000000000008eda                i2c_receive_n
                0x0000000000008f1e                i2c_busy
                0x0000000000008f28                i2c_enable
                0x0000000000008f4c                i2c_disable
                0x0000000000008f66                i2c_transmit_n
                0x0000000000008f7a                __isr_16
                0x0000000000008f7a                i2c_tx_interrupt
                0x0000000000009004                i2c_rx_interrupt
                0x0000000000009004                __isr_17
 .text          0x000000000000901c      0x38c contiki-z1.a(frame802154.o)
                0x00000000000090b0                frame802154_hdrlen
                0x00000000000090de                frame802154_create
                0x0000000000009214                frame802154_parse
 .text          0x00000000000093a8        0x0 /usr/bin/../lib/gcc/msp430/4.6.3/mcpu-430x/mmpy-16/libgcc.a(_mulsi3.o)
 .text.libgcc   0x00000000000093a8       0x2a /usr/bin/../lib/gcc/msp430/4.6.3/mcpu-430x/mmpy-16/libgcc.a(_mulsi3.o)
                0x00000000000093a8                __mulsi3
 .text          0x00000000000093d2        0x0 /usr/bin/../lib/gcc/msp430/4.6.3/mcpu-430x/mmpy-16/libgcc.a(_udivmod16.o)
 .text.libgcc   0x00000000000093d2       0x22 /usr/bin/../lib/gcc/msp430/4.6.3/mcpu-430x/mmpy-16/libgcc.a(_udivmod16.o)
                0x00000000000093d2                __udivhi3
                0x00000000000093d2                __ext_udivmod16
                0x00000000000093ec                __umodhi3
 .text          0x00000000000093f4        0x0 /usr/bin/../lib/gcc/msp430/4.6.3/mcpu-430x/mmpy-16/libgcc.a(_divmod16.o)
 .text.libgcc   0x00000000000093f4       0x3a /usr/bin/../lib/gcc/msp430/4.6.3/mcpu-430x/mmpy-16/libgcc.a(_divmod16.o)
                0x00000000000093f4                __ext_divmod16
                0x00000000000093f4                __divhi3
                0x0000000000009426                __modhi3
 .text          0x000000000000942e        0x0 /usr/bin/../lib/gcc/msp430/4.6.3/mcpu-430x/mmpy-16/libgcc.a(_udivmod32.o)
 .text.libgcc   0x000000000000942e       0x38 /usr/bin/../lib/gcc/msp430/4.6.3/mcpu-430x/mmpy-16/libgcc.a(_udivmod32.o)
                0x000000000000942e                __udivsi3
                0x000000000000942e                __ext_udivmod32
                0x000000000000945c                __umodsi3
 .text          0x0000000000009466       0x28 /usr/bin/../lib/gcc/msp430/4.6.3/../../../../msp430/lib/mcpu-430x/mmpy-16/libc.a(strncmp.o)
                0x0000000000009466                strncmp
 .text          0x000000000000948e       0x20 /usr/bin/../lib/gcc/msp430/4.6.3/../../../../msp430/lib/mcpu-430x/mmpy-16/libc.a(memcmp.o)
                0x000000000000948e                memcmp
 .text          0x00000000000094ae       0xe4 /usr/bin/../lib/gcc/msp430/4.6.3/../../../../msp430/lib/mcpu-430x/mmpy-16/libc.a(memcpy.o)
                0x00000000000094ae                memcpy
 .text          0x0000000000009592       0x5c /usr/bin/../lib/gcc/msp430/4.6.3/../../../../msp430/lib/mcpu-430x/mmpy-16/libc.a(memset.o)
                0x0000000000009592                memset
 .text          0x00000000000095ee       0xee /usr/bin/../lib/gcc/msp430/4.6.3/../../../../msp430/lib/mcpu-430x/mmpy-16/libc.a(malloc.o)
                0x00000000000095ee                malloc
                0x00000000000096d4                free
 .text          0x00000000000096dc       0x1e /usr/bin/../lib/gcc/msp430/4.6.3/../../../../msp430/lib/mcpu-430x/mmpy-16/libc.a(printf.o)
                0x00000000000096dc                printf
                0x00000000000096ec                vprintf
 .text          0x00000000000096fa      0x818 /usr/bin/../lib/gcc/msp430/4.6.3/../../../../msp430/lib/mcpu-430x/mmpy-16/libc.a(vuprintf.o)
                0x0000000000009876                vuprintf
 .text          0x0000000000009f12       0x2c /usr/bin/../lib/gcc/msp430/4.6.3/../../../../msp430/lib/mcpu-430x/mmpy-16/libc.a(puts.o)
                0x0000000000009f12                puts
 .text          0x0000000000009f3e       0x54 /usr/bin/../lib/gcc/msp430/4.6.3/../../../../msp430/lib/mcpu-430x/mmpy-16/libc.a(rand.o)
                0x0000000000009f3e                rand_r
                0x0000000000009f62                rand
                0x0000000000009f88                srand
 .text          0x0000000000009f92        0x0 /usr/bin/../lib/gcc/msp430/4.6.3/mcpu-430x/mmpy-16/libgcc.a(_udivmod64.o)
 .text.libgcc   0x0000000000009f92       0xbc /usr/bin/../lib/gcc/msp430/4.6.3/mcpu-430x/mmpy-16/libgcc.a(_udivmod64.o)
                0x0000000000009f92                __xabi_udivmod64
                0x0000000000009fe4                __udivdi3
                0x0000000000009ffe                __umoddi3
                0x000000000000a020                __udivmoddi4
 .text          0x000000000000a04e        0x0 /usr/bin/../lib/gcc/msp430/4.6.3/mcpu-430x/mmpy-16/libcrt0.a(_reset_vector__.o)
 .text          0x000000000000a04e        0x0 /usr/bin/../lib/gcc/msp430/4.6.3/mcpu-430x/mmpy-16/libcrt0.a(__watchdog_support.o)
 .text          0x000000000000a04e        0x0 /usr/bin/../lib/gcc/msp430/4.6.3/mcpu-430x/mmpy-16/libcrt0.a(__init_stack.o)
 .text          0x000000000000a04e        0x0 /usr/bin/../lib/gcc/msp430/4.6.3/mcpu-430x/mmpy-16/libcrt0.a(__low_level_init.o)
 .text          0x000000000000a04e        0x0 /usr/bin/../lib/gcc/msp430/4.6.3/mcpu-430x/mmpy-16/libcrt0.a(_copy_data.o)
 .text          0x000000000000a04e        0x0 /usr/bin/../lib/gcc/msp430/4.6.3/mcpu-430x/mmpy-16/libcrt0.a(_clear_bss.o)
 .text          0x000000000000a04e        0x0 /usr/bin/../lib/gcc/msp430/4.6.3/mcpu-430x/mmpy-16/libcrt0.a(__stop_progExec__.o)
 .text          0x000000000000a04e        0x0 /usr/bin/../lib/gcc/msp430/4.6.3/mcpu-430x/mmpy-16/libcrt0.a(_endless_loop__.o)
 .text          0x000000000000a04e        0x0 /usr/bin/../lib/gcc/msp430/4.6.3/mcpu-430x/mmpy-16/libcrt0.a(_unexpected_.o)
 .text.crt0     0x000000000000a04e        0x2 /usr/bin/../lib/gcc/msp430/4.6.3/mcpu-430x/mmpy-16/libcrt0.a(_unexpected_.o)
                0x000000000000a04e                _unexpected_
                0x000000000000a050                . = ALIGN (0x2)

.rodata         0x000000000000a050      0x2d2
                0x000000000000a050                . = ALIGN (0x2)
 *(.rodata .rodata.* .gnu.linkonce.r.*)
 .rodata        0x000000000000a050       0xcc example-collect.co
                0x000000000000a0fe                autostart_processes
 .rodata        0x000000000000a11c       0xd4 obj_z1/contiki-z1-main.o
 .rodata        0x000000000000a1f0        0x2 contiki-z1.a(rimeaddr.o)
                0x000000000000a1f0                rimeaddr_null
 .rodata        0x000000000000a1f2        0xc contiki-z1.a(rime.o)
                0x000000000000a1f8                rime_driver
 .rodata        0x000000000000a1fe        0x4 contiki-z1.a(broadcast-annou)
 .rodata        0x000000000000a202        0x8 contiki-z1.a(broadcast.o)
 .rodata        0x000000000000a20a        0x2 contiki-z1.a(abc.o)
 .rodata        0x000000000000a20c       0x18 contiki-z1.a(collect.o)
 .rodata        0x000000000000a224       0x10 contiki-z1.a(chameleon-bitop)
                0x000000000000a224                chameleon_bitopt
 .rodata        0x000000000000a234       0x14 contiki-z1.a(csma.o)
                0x000000000000a23a                csma_driver
 .rodata        0x000000000000a248       0x1c contiki-z1.a(contikimac.o)
                0x000000000000a254                contikimac_driver
 .rodata        0x000000000000a264        0xe contiki-z1.a(serial-line.o)
 .rodata        0x000000000000a272        0xc contiki-z1.a(etimer.o)
 .rodata        0x000000000000a27e        0xf contiki-z1.a(ctimer.o)
 .rodata        0x000000000000a28d       0x2c contiki-z1.a(xmem.o)
 *fill*         0x000000000000a2b9        0x1 00
 .rodata        0x000000000000a2ba       0x22 contiki-z1.a(cc2420.o)
                0x000000000000a2ba                cc2420_driver
 .rodata        0x000000000000a2dc        0x8 contiki-z1.a(sensors.o)
 .rodata        0x000000000000a2e4       0x10 contiki-z1.a(button-sensor.o)
                0x000000000000a2ec                button_sensor
 .rodata        0x000000000000a2f4       0x16 contiki-z1.a(adxl345.o)
 .rodata        0x000000000000a30a        0xa contiki-z1.a(unicast.o)
 .rodata        0x000000000000a314        0x4 contiki-z1.a(framer-802154.o)
                0x000000000000a314                framer_802154
 .rodata        0x000000000000a318        0x2 contiki-z1.a(frame802154.o)
 .rodata        0x000000000000a31a        0x7 /usr/bin/../lib/gcc/msp430/4.6.3/../../../../msp430/lib/mcpu-430x/mmpy-16/libc.a(vuprintf.o)
                0x000000000000a322                . = ALIGN (0x2)
 *fill*         0x000000000000a321        0x1 00
                0x000000000000a322                _etext = .

.data           0x0000000000001100       0xbe load address 0x000000000000a322
                0x0000000000001100                . = ALIGN (0x2)
                0x0000000000001100                PROVIDE (__data_start, .)
 *(.data .data.* .gnu.linkonce.d.*)
 .data          0x0000000000001100        0x0 /usr/bin/../lib/gcc/msp430/4.6.3/mcpu-430x/mmpy-16/crt0ivtbl32.o
 .data          0x0000000000001100        0xa example-collect.co
                0x0000000000001100                example_collect_process
 .data          0x000000000000110a        0x4 obj_z1/contiki-z1-main.o
                0x000000000000110a                sensors
 .data          0x000000000000110e        0x0 contiki-z1.a(rimeaddr.o)
 .data          0x000000000000110e        0x0 contiki-z1.a(rime.o)
 .data          0x000000000000110e        0x0 contiki-z1.a(announcement.o)
 .data          0x000000000000110e        0x0 contiki-z1.a(broadcast-annou)
 .data          0x000000000000110e        0x0 contiki-z1.a(broadcast.o)
 .data          0x000000000000110e        0x0 contiki-z1.a(abc.o)
 .data          0x000000000000110e        0x8 contiki-z1.a(collect.o)
 .data          0x0000000000001116        0x8 contiki-z1.a(collect-neighbo)
 .data          0x000000000000111e        0x0 contiki-z1.a(collect-link-es)
 .data          0x000000000000111e        0x0 contiki-z1.a(chameleon.o)
 .data          0x000000000000111e        0x0 contiki-z1.a(channel.o)
 .data          0x000000000000111e        0x0 contiki-z1.a(chameleon-bitop)
 .data          0x000000000000111e       0x18 contiki-z1.a(csma.o)
 .data          0x0000000000001136        0x0 contiki-z1.a(contikimac.o)
 .data          0x0000000000001136       0x10 contiki-z1.a(phase.o)
 .data          0x0000000000001146        0x0 contiki-z1.a(process.o)
 .data          0x0000000000001146        0x0 contiki-z1.a(autostart.o)
 .data          0x0000000000001146        0x0 contiki-z1.a(compower.o)
 .data          0x0000000000001146        0xa contiki-z1.a(serial-line.o)
                0x0000000000001146                serial_line_process
 .data          0x0000000000001150        0x0 contiki-z1.a(memb.o)
 .data          0x0000000000001150        0x0 contiki-z1.a(timer.o)
 .data          0x0000000000001150        0x0 contiki-z1.a(list.o)
 .data          0x0000000000001150        0xa contiki-z1.a(etimer.o)
                0x0000000000001150                etimer_process
 .data          0x000000000000115a        0xa contiki-z1.a(ctimer.o)
                0x000000000000115a                ctimer_process
 .data          0x0000000000001164        0x0 contiki-z1.a(energest.o)
 .data          0x0000000000001164        0x0 contiki-z1.a(rtimer.o)
 .data          0x0000000000001164        0x0 contiki-z1.a(random.o)
 .data          0x0000000000001164        0x0 contiki-z1.a(ringbuf.o)
 .data          0x0000000000001164        0x8 contiki-z1.a(nbr-table.o)
 .data          0x000000000000116c        0x0 contiki-z1.a(packetbuf.o)
 .data          0x000000000000116c        0x0 contiki-z1.a(packetqueue.o)
 .data          0x000000000000116c       0x18 contiki-z1.a(queuebuf.o)
 .data          0x0000000000001184        0x0 contiki-z1.a(contiki-z1-plat)
 .data          0x0000000000001184        0x2 contiki-z1.a(msp430.o)
 .data          0x0000000000001186        0x0 contiki-z1.a(leds.o)
 .data          0x0000000000001186        0x0 contiki-z1.a(watchdog.o)
 .data          0x0000000000001186        0x0 contiki-z1.a(xmem.o)
 .data          0x0000000000001186        0x0 contiki-z1.a(spi.o)
 .data          0x0000000000001186        0xa contiki-z1.a(cc2420.o)
                0x0000000000001186                cc2420_process
 .data          0x0000000000001190        0x0 contiki-z1.a(cc2420-arch.o)
 .data          0x0000000000001190        0x0 contiki-z1.a(node-id.o)
 .data          0x0000000000001190        0xa contiki-z1.a(sensors.o)
                0x0000000000001190                sensors_process
 .data          0x000000000000119a        0x0 contiki-z1.a(button-sensor.o)
 .data          0x000000000000119a        0x0 contiki-z1.a(uart0.o)
 .data          0x000000000000119a        0x0 contiki-z1.a(uart0-putchar.o)
 .data          0x000000000000119a       0x20 contiki-z1.a(adxl345.o)
                0x000000000000119a                accmeter_process
 .data          0x00000000000011ba        0x0 contiki-z1.a(clock.o)
 .data          0x00000000000011ba        0x0 contiki-z1.a(leds-arch.o)
 .data          0x00000000000011ba        0x0 contiki-z1.a(rtimer-arch.o)
 .data          0x00000000000011ba        0x0 contiki-z1.a(unicast.o)
 .data          0x00000000000011ba        0x0 contiki-z1.a(mac.o)
 .data          0x00000000000011ba        0x0 contiki-z1.a(framer-802154.o)
 .data          0x00000000000011ba        0x0 contiki-z1.a(i2cmaster.o)
 .data          0x00000000000011ba        0x0 contiki-z1.a(frame802154.o)
 .data          0x00000000000011ba        0x0 /usr/bin/../lib/gcc/msp430/4.6.3/mcpu-430x/mmpy-16/libgcc.a(_mulsi3.o)
 .data          0x00000000000011ba        0x0 /usr/bin/../lib/gcc/msp430/4.6.3/mcpu-430x/mmpy-16/libgcc.a(_udivmod16.o)
 .data          0x00000000000011ba        0x0 /usr/bin/../lib/gcc/msp430/4.6.3/mcpu-430x/mmpy-16/libgcc.a(_divmod16.o)
 .data          0x00000000000011ba        0x0 /usr/bin/../lib/gcc/msp430/4.6.3/mcpu-430x/mmpy-16/libgcc.a(_udivmod32.o)
 .data          0x00000000000011ba        0x0 /usr/bin/../lib/gcc/msp430/4.6.3/../../../../msp430/lib/mcpu-430x/mmpy-16/libc.a(strncmp.o)
 .data          0x00000000000011ba        0x0 /usr/bin/../lib/gcc/msp430/4.6.3/../../../../msp430/lib/mcpu-430x/mmpy-16/libc.a(memcmp.o)
 .data          0x00000000000011ba        0x0 /usr/bin/../lib/gcc/msp430/4.6.3/../../../../msp430/lib/mcpu-430x/mmpy-16/libc.a(memcpy.o)
 .data          0x00000000000011ba        0x0 /usr/bin/../lib/gcc/msp430/4.6.3/../../../../msp430/lib/mcpu-430x/mmpy-16/libc.a(memset.o)
 .data          0x00000000000011ba        0x0 /usr/bin/../lib/gcc/msp430/4.6.3/../../../../msp430/lib/mcpu-430x/mmpy-16/libc.a(malloc.o)
 .data          0x00000000000011ba        0x0 /usr/bin/../lib/gcc/msp430/4.6.3/../../../../msp430/lib/mcpu-430x/mmpy-16/libc.a(printf.o)
 .data          0x00000000000011ba        0x0 /usr/bin/../lib/gcc/msp430/4.6.3/../../../../msp430/lib/mcpu-430x/mmpy-16/libc.a(vuprintf.o)
 .data          0x00000000000011ba        0x0 /usr/bin/../lib/gcc/msp430/4.6.3/../../../../msp430/lib/mcpu-430x/mmpy-16/libc.a(puts.o)
 .data          0x00000000000011ba        0x4 /usr/bin/../lib/gcc/msp430/4.6.3/../../../../msp430/lib/mcpu-430x/mmpy-16/libc.a(rand.o)
 .data          0x00000000000011be        0x0 /usr/bin/../lib/gcc/msp430/4.6.3/mcpu-430x/mmpy-16/libgcc.a(_udivmod64.o)
 .data          0x00000000000011be        0x0 /usr/bin/../lib/gcc/msp430/4.6.3/mcpu-430x/mmpy-16/libcrt0.a(_reset_vector__.o)
 .data          0x00000000000011be        0x0 /usr/bin/../lib/gcc/msp430/4.6.3/mcpu-430x/mmpy-16/libcrt0.a(__watchdog_support.o)
 .data          0x00000000000011be        0x0 /usr/bin/../lib/gcc/msp430/4.6.3/mcpu-430x/mmpy-16/libcrt0.a(__init_stack.o)
 .data          0x00000000000011be        0x0 /usr/bin/../lib/gcc/msp430/4.6.3/mcpu-430x/mmpy-16/libcrt0.a(__low_level_init.o)
 .data          0x00000000000011be        0x0 /usr/bin/../lib/gcc/msp430/4.6.3/mcpu-430x/mmpy-16/libcrt0.a(_copy_data.o)
 .data          0x00000000000011be        0x0 /usr/bin/../lib/gcc/msp430/4.6.3/mcpu-430x/mmpy-16/libcrt0.a(_clear_bss.o)
 .data          0x00000000000011be        0x0 /usr/bin/../lib/gcc/msp430/4.6.3/mcpu-430x/mmpy-16/libcrt0.a(__stop_progExec__.o)
 .data          0x00000000000011be        0x0 /usr/bin/../lib/gcc/msp430/4.6.3/mcpu-430x/mmpy-16/libcrt0.a(_endless_loop__.o)
 .data          0x00000000000011be        0x0 /usr/bin/../lib/gcc/msp430/4.6.3/mcpu-430x/mmpy-16/libcrt0.a(_unexpected_.o)
                0x00000000000011be                . = ALIGN (0x2)
                0x00000000000011be                _edata = .
                0x000000000000a322                PROVIDE (__data_load_start, LOADADDR (.data))
                0x00000000000000be                PROVIDE (__data_size, SIZEOF (.data))

.bss            0x00000000000011be     0x1380 load address 0x000000000000a3e0
                0x00000000000011be                PROVIDE (__bss_start, .)
 *(.bss .bss.*)
 .bss           0x00000000000011be        0x0 /usr/bin/../lib/gcc/msp430/4.6.3/mcpu-430x/mmpy-16/crt0ivtbl32.o
 .bss           0x00000000000011be      0x4c6 example-collect.co
 .bss           0x0000000000001684        0x4 obj_z1/contiki-z1-main.o
 .bss           0x0000000000001688        0x0 contiki-z1.a(rimeaddr.o)
 .bss           0x0000000000001688        0x2 contiki-z1.a(rime.o)
 .bss           0x000000000000168a        0x6 contiki-z1.a(announcement.o)
 .bss           0x0000000000001690       0x46 contiki-z1.a(broadcast-annou)
 .bss           0x00000000000016d6        0x0 contiki-z1.a(broadcast.o)
 .bss           0x00000000000016d6        0x0 contiki-z1.a(abc.o)
 .bss           0x00000000000016d6      0x110 contiki-z1.a(collect.o)
 .bss           0x00000000000017e6       0xca contiki-z1.a(collect-neighbo)
 .bss           0x00000000000018b0        0x0 contiki-z1.a(collect-link-es)
 .bss           0x00000000000018b0        0x0 contiki-z1.a(chameleon.o)
 .bss           0x00000000000018b0        0x2 contiki-z1.a(channel.o)
 .bss           0x00000000000018b2        0x0 contiki-z1.a(chameleon-bitop)
 .bss           0x00000000000018b2       0xb6 contiki-z1.a(csma.o)
 .bss           0x0000000000001968       0x74 contiki-z1.a(contikimac.o)
 .bss           0x00000000000019dc      0x148 contiki-z1.a(phase.o)
 .bss           0x0000000000001b24       0x42 contiki-z1.a(process.o)
                0x0000000000001b24                process_current
                0x0000000000001b26                process_list
 .bss           0x0000000000001b66        0x0 contiki-z1.a(autostart.o)
 .bss           0x0000000000001b66        0x8 contiki-z1.a(compower.o)
 .bss           0x0000000000001b6e      0x10a contiki-z1.a(serial-line.o)
 .bss           0x0000000000001c78        0x0 contiki-z1.a(memb.o)
 .bss           0x0000000000001c78        0x0 contiki-z1.a(timer.o)
 .bss           0x0000000000001c78        0x0 contiki-z1.a(list.o)
 .bss           0x0000000000001c78        0x6 contiki-z1.a(etimer.o)
 .bss           0x0000000000001c7e        0x4 contiki-z1.a(ctimer.o)
 .bss           0x0000000000001c82        0x0 contiki-z1.a(energest.o)
 .bss           0x0000000000001c82        0x2 contiki-z1.a(rtimer.o)
 .bss           0x0000000000001c84        0x0 contiki-z1.a(random.o)
 .bss           0x0000000000001c84        0x0 contiki-z1.a(ringbuf.o)
 .bss           0x0000000000001c84       0x4c contiki-z1.a(nbr-table.o)
 .bss           0x0000000000001cd0       0xba contiki-z1.a(packetbuf.o)
 .bss           0x0000000000001d8a        0x0 contiki-z1.a(packetqueue.o)
 .bss           0x0000000000001d8a      0x65e contiki-z1.a(queuebuf.o)
 .bss           0x00000000000023e8        0x0 contiki-z1.a(contiki-z1-plat)
 .bss           0x00000000000023e8        0x0 contiki-z1.a(msp430.o)
 .bss           0x00000000000023e8        0x2 contiki-z1.a(leds.o)
 .bss           0x00000000000023ea        0x2 contiki-z1.a(watchdog.o)
 .bss           0x00000000000023ec        0x0 contiki-z1.a(xmem.o)
 .bss           0x00000000000023ec        0x2 contiki-z1.a(spi.o)
                0x00000000000023ec                spi_busy
 .bss           0x00000000000023ee        0xa contiki-z1.a(cc2420.o)
 .bss           0x00000000000023f8        0x0 contiki-z1.a(cc2420-arch.o)
 .bss           0x00000000000023f8        0x2 contiki-z1.a(node-id.o)
                0x00000000000023f8                node_id
 .bss           0x00000000000023fa        0x6 contiki-z1.a(sensors.o)
 .bss           0x0000000000002400        0x8 contiki-z1.a(button-sensor.o)
 .bss           0x0000000000002408        0x4 contiki-z1.a(uart0.o)
 .bss           0x000000000000240c        0x0 contiki-z1.a(uart0-putchar.o)
 .bss           0x000000000000240c       0x16 contiki-z1.a(adxl345.o)
 .bss           0x0000000000002422        0xa contiki-z1.a(clock.o)
 .bss           0x000000000000242c        0x0 contiki-z1.a(leds-arch.o)
 .bss           0x000000000000242c        0x0 contiki-z1.a(rtimer-arch.o)
 .bss           0x000000000000242c        0x0 contiki-z1.a(unicast.o)
 .bss           0x000000000000242c        0x0 contiki-z1.a(mac.o)
 .bss           0x000000000000242c        0x2 contiki-z1.a(framer-802154.o)
 .bss           0x000000000000242e        0x2 contiki-z1.a(i2cmaster.o)
 .bss           0x0000000000002430        0x0 contiki-z1.a(frame802154.o)
 .bss           0x0000000000002430        0x0 /usr/bin/../lib/gcc/msp430/4.6.3/mcpu-430x/mmpy-16/libgcc.a(_mulsi3.o)
 .bss           0x0000000000002430        0x0 /usr/bin/../lib/gcc/msp430/4.6.3/mcpu-430x/mmpy-16/libgcc.a(_udivmod16.o)
 .bss           0x0000000000002430        0x0 /usr/bin/../lib/gcc/msp430/4.6.3/mcpu-430x/mmpy-16/libgcc.a(_divmod16.o)
 .bss           0x0000000000002430        0x0 /usr/bin/../lib/gcc/msp430/4.6.3/mcpu-430x/mmpy-16/libgcc.a(_udivmod32.o)
 .bss           0x0000000000002430        0x0 /usr/bin/../lib/gcc/msp430/4.6.3/../../../../msp430/lib/mcpu-430x/mmpy-16/libc.a(strncmp.o)
 .bss           0x0000000000002430        0x0 /usr/bin/../lib/gcc/msp430/4.6.3/../../../../msp430/lib/mcpu-430x/mmpy-16/libc.a(memcmp.o)
 .bss           0x0000000000002430        0x0 /usr/bin/../lib/gcc/msp430/4.6.3/../../../../msp430/lib/mcpu-430x/mmpy-16/libc.a(memcpy.o)
 .bss           0x0000000000002430        0x0 /usr/bin/../lib/gcc/msp430/4.6.3/../../../../msp430/lib/mcpu-430x/mmpy-16/libc.a(memset.o)
 .bss           0x0000000000002430        0x1 /usr/bin/../lib/gcc/msp430/4.6.3/../../../../msp430/lib/mcpu-430x/mmpy-16/libc.a(malloc.o)
 .bss           0x0000000000002431        0x0 /usr/bin/../lib/gcc/msp430/4.6.3/../../../../msp430/lib/mcpu-430x/mmpy-16/libc.a(printf.o)
 .bss           0x0000000000002431        0x0 /usr/bin/../lib/gcc/msp430/4.6.3/../../../../msp430/lib/mcpu-430x/mmpy-16/libc.a(vuprintf.o)
 .bss           0x0000000000002431        0x0 /usr/bin/../lib/gcc/msp430/4.6.3/../../../../msp430/lib/mcpu-430x/mmpy-16/libc.a(puts.o)
 .bss           0x0000000000002431        0x0 /usr/bin/../lib/gcc/msp430/4.6.3/../../../../msp430/lib/mcpu-430x/mmpy-16/libc.a(rand.o)
 .bss           0x0000000000002431        0x0 /usr/bin/../lib/gcc/msp430/4.6.3/mcpu-430x/mmpy-16/libgcc.a(_udivmod64.o)
 .bss           0x0000000000002431        0x0 /usr/bin/../lib/gcc/msp430/4.6.3/mcpu-430x/mmpy-16/libcrt0.a(_reset_vector__.o)
 .bss           0x0000000000002431        0x0 /usr/bin/../lib/gcc/msp430/4.6.3/mcpu-430x/mmpy-16/libcrt0.a(__watchdog_support.o)
 .bss           0x0000000000002431        0x0 /usr/bin/../lib/gcc/msp430/4.6.3/mcpu-430x/mmpy-16/libcrt0.a(__init_stack.o)
 .bss           0x0000000000002431        0x0 /usr/bin/../lib/gcc/msp430/4.6.3/mcpu-430x/mmpy-16/libcrt0.a(__low_level_init.o)
 .bss           0x0000000000002431        0x0 /usr/bin/../lib/gcc/msp430/4.6.3/mcpu-430x/mmpy-16/libcrt0.a(_copy_data.o)
 .bss           0x0000000000002431        0x0 /usr/bin/../lib/gcc/msp430/4.6.3/mcpu-430x/mmpy-16/libcrt0.a(_clear_bss.o)
 .bss           0x0000000000002431        0x0 /usr/bin/../lib/gcc/msp430/4.6.3/mcpu-430x/mmpy-16/libcrt0.a(__stop_progExec__.o)
 .bss           0x0000000000002431        0x0 /usr/bin/../lib/gcc/msp430/4.6.3/mcpu-430x/mmpy-16/libcrt0.a(_endless_loop__.o)
 .bss           0x0000000000002431        0x0 /usr/bin/../lib/gcc/msp430/4.6.3/mcpu-430x/mmpy-16/libcrt0.a(_unexpected_.o)
 *(COMMON)
 *fill*         0x0000000000002431        0x1 00
 COMMON         0x0000000000002432        0x2 obj_z1/contiki-z1-main.o
                0x0000000000002432                sensors_flags
 COMMON         0x0000000000002434        0x2 contiki-z1.a(rimeaddr.o)
                0x0000000000002434                rimeaddr_node_addr
 COMMON         0x0000000000002436       0x38 contiki-z1.a(collect.o)
                0x0000000000002436                stats
 COMMON         0x000000000000246e        0x1 contiki-z1.a(process.o)
                0x000000000000246e                process_maxevents
 *fill*         0x000000000000246f        0x1 00
 COMMON         0x0000000000002470        0x8 contiki-z1.a(compower.o)
                0x0000000000002470                compower_idle_activity
 COMMON         0x0000000000002478        0x1 contiki-z1.a(serial-line.o)
                0x0000000000002478                serial_line_event_message
 *fill*         0x0000000000002479        0x1 00
 COMMON         0x000000000000247a       0x56 contiki-z1.a(energest.o)
                0x000000000000247a                energest_total_time
                0x00000000000024aa                energest_total_count
                0x00000000000024ac                energest_current_mode
                0x00000000000024b8                energest_current_time
 COMMON         0x00000000000024d0       0x38 contiki-z1.a(packetbuf.o)
                0x00000000000024d0                packetbuf_addrs
                0x00000000000024d8                packetbuf_attrs
 COMMON         0x0000000000002508       0x14 contiki-z1.a(cc2420.o)
                0x0000000000002508                cc2420_last_rssi
                0x000000000000250a                cc2420_packets_read
                0x000000000000250c                cc2420_packets_seen
                0x000000000000250e                cc2420_sfd_start_time
                0x0000000000002510                cc2420_time_of_departure
                0x0000000000002512                cc2420_time_of_arrival
                0x0000000000002514                cc2420_last_correlation
                0x0000000000002516                cc2420_authority_level_of_sender
                0x0000000000002518                cc2420_sfd_counter
                0x000000000000251a                cc2420_sfd_end_time
 COMMON         0x000000000000251c        0x8 contiki-z1.a(node-id.o)
                0x000000000000251c                node_mac
 COMMON         0x0000000000002524        0x1 contiki-z1.a(sensors.o)
                0x0000000000002524                sensors_event
 *fill*         0x0000000000002525        0x1 00
 COMMON         0x0000000000002526        0x7 contiki-z1.a(adxl345.o)
                0x0000000000002526                accm_int2_cb
                0x0000000000002528                int2_event
                0x000000000000252a                accm_int1_cb
                0x000000000000252c                int1_event
 *fill*         0x000000000000252d        0x1 00
 COMMON         0x000000000000252e       0x10 contiki-z1.a(i2cmaster.o)
                0x000000000000252e                transmit_data1
                0x000000000000252f                rx_byte_ctr
                0x0000000000002530                tx_buf_ptr
                0x0000000000002532                tx_byte_ctr
                0x0000000000002534                i
                0x0000000000002536                receive_data
                0x0000000000002538                rx_buf
                0x000000000000253a                transmit_data2
                0x000000000000253c                rx_buf_ptr
                0x000000000000253e                . = ALIGN (0x2)
                0x000000000000253e                PROVIDE (__bss_end, .)
                0x0000000000001380                PROVIDE (__bss_size, SIZEOF (.bss))

.noinit         0x000000000000253e        0x2 load address 0x000000000000a3e0
                0x000000000000253e                PROVIDE (__noinit_start, .)
 *(.noinit .noinit.*)
 .noinit.crt0   0x000000000000253e        0x2 /usr/bin/../lib/gcc/msp430/4.6.3/mcpu-430x/mmpy-16/libcrt0.a(__watchdog_support.o)
                0x000000000000253e                __wdt_clear_value
                0x0000000000002540                . = ALIGN (0x2)
                0x0000000000002540                PROVIDE (__noinit_end, .)
                0x0000000000002540                . = ALIGN (0x2)
                0x0000000000002540                _end = .

.infomem        0x0000000000001000        0x0
 *(.infomem)
                0x0000000000001000                . = ALIGN (0x2)
 *(.infomem.*)

.infomemnobits  0x0000000000001000        0x0
 *(.infomemnobits)
                0x0000000000001000                . = ALIGN (0x2)
 *(.infomemnobits.*)

.infoa
 *(.infoa .infoa.*)

.infob
 *(.infob .infob.*)

.infoc
 *(.infoc .infoc.*)

.infod
 *(.infod .infod.*)

.vectors        0x000000000000ffc0       0x40
                0x000000000000ffc0                PROVIDE (__vectors_start, .)
 *(.vectors*)
 .vectors       0x000000000000ffc0       0x40 /usr/bin/../lib/gcc/msp430/4.6.3/mcpu-430x/mmpy-16/crt0ivtbl32.o
                0x000000000000ffc0                __ivtbl_32
                0x0000000000010000                _vectors_end = .

.fartext        0x0000000000010000        0x0
                0x0000000000010000                . = ALIGN (0x2)
 *(.fartext)
                0x0000000000010000                . = ALIGN (0x2)
 *(.fartext.*)
                0x0000000000010000                _efartext = .

.profiler
 *(.profiler)

.stab
 *(.stab)

.stabstr
 *(.stabstr)

.stab.excl
 *(.stab.excl)

.stab.exclstr
 *(.stab.exclstr)

.stab.index
 *(.stab.index)

.stab.indexstr
 *(.stab.indexstr)

.comment
 *(.comment)

.debug
 *(.debug)

.line
 *(.line)

.debug_srcinfo
 *(.debug_srcinfo)

.debug_sfnames
 *(.debug_sfnames)

.debug_aranges  0x0000000000000000      0x190
 *(.debug_aranges)
 .debug_aranges
                0x0000000000000000       0x14 /usr/bin/../lib/gcc/msp430/4.6.3/mcpu-430x/mmpy-16/libgcc.a(_mulsi3.o)
 .debug_aranges
                0x0000000000000014       0x14 /usr/bin/../lib/gcc/msp430/4.6.3/mcpu-430x/mmpy-16/libgcc.a(_udivmod16.o)
 .debug_aranges
                0x0000000000000028       0x14 /usr/bin/../lib/gcc/msp430/4.6.3/mcpu-430x/mmpy-16/libgcc.a(_divmod16.o)
 .debug_aranges
                0x000000000000003c       0x14 /usr/bin/../lib/gcc/msp430/4.6.3/mcpu-430x/mmpy-16/libgcc.a(_udivmod32.o)
 .debug_aranges
                0x0000000000000050       0x14 /usr/bin/../lib/gcc/msp430/4.6.3/../../../../msp430/lib/mcpu-430x/mmpy-16/libc.a(strncmp.o)
 .debug_aranges
                0x0000000000000064       0x14 /usr/bin/../lib/gcc/msp430/4.6.3/../../../../msp430/lib/mcpu-430x/mmpy-16/libc.a(memcmp.o)
 .debug_aranges
                0x0000000000000078       0x14 /usr/bin/../lib/gcc/msp430/4.6.3/../../../../msp430/lib/mcpu-430x/mmpy-16/libc.a(memcpy.o)
 .debug_aranges
                0x000000000000008c       0x14 /usr/bin/../lib/gcc/msp430/4.6.3/../../../../msp430/lib/mcpu-430x/mmpy-16/libc.a(memset.o)
 .debug_aranges
                0x00000000000000a0       0x14 /usr/bin/../lib/gcc/msp430/4.6.3/../../../../msp430/lib/mcpu-430x/mmpy-16/libc.a(malloc.o)
 .debug_aranges
                0x00000000000000b4       0x14 /usr/bin/../lib/gcc/msp430/4.6.3/../../../../msp430/lib/mcpu-430x/mmpy-16/libc.a(printf.o)
 .debug_aranges
                0x00000000000000c8       0x14 /usr/bin/../lib/gcc/msp430/4.6.3/../../../../msp430/lib/mcpu-430x/mmpy-16/libc.a(vuprintf.o)
 .debug_aranges
                0x00000000000000dc       0x14 /usr/bin/../lib/gcc/msp430/4.6.3/../../../../msp430/lib/mcpu-430x/mmpy-16/libc.a(puts.o)
 .debug_aranges
                0x00000000000000f0       0x14 /usr/bin/../lib/gcc/msp430/4.6.3/../../../../msp430/lib/mcpu-430x/mmpy-16/libc.a(rand.o)
 .debug_aranges
                0x0000000000000104       0x14 /usr/bin/../lib/gcc/msp430/4.6.3/mcpu-430x/mmpy-16/libgcc.a(_udivmod64.o)
 .debug_aranges
                0x0000000000000118       0x14 /usr/bin/../lib/gcc/msp430/4.6.3/mcpu-430x/mmpy-16/libcrt0.a(__watchdog_support.o)
 .debug_aranges
                0x000000000000012c       0x14 /usr/bin/../lib/gcc/msp430/4.6.3/mcpu-430x/mmpy-16/libcrt0.a(__init_stack.o)
 .debug_aranges
                0x0000000000000140       0x14 /usr/bin/../lib/gcc/msp430/4.6.3/mcpu-430x/mmpy-16/libcrt0.a(_copy_data.o)
 .debug_aranges
                0x0000000000000154       0x14 /usr/bin/../lib/gcc/msp430/4.6.3/mcpu-430x/mmpy-16/libcrt0.a(_clear_bss.o)
 .debug_aranges
                0x0000000000000168       0x14 /usr/bin/../lib/gcc/msp430/4.6.3/mcpu-430x/mmpy-16/libcrt0.a(_endless_loop__.o)
 .debug_aranges
                0x000000000000017c       0x14 /usr/bin/../lib/gcc/msp430/4.6.3/mcpu-430x/mmpy-16/libcrt0.a(_unexpected_.o)

.debug_pubnames
 *(.debug_pubnames)

.debug_info     0x0000000000000000     0x14a7
 *(.debug_info)
 .debug_info    0x0000000000000000       0xc7 /usr/bin/../lib/gcc/msp430/4.6.3/mcpu-430x/mmpy-16/libgcc.a(_mulsi3.o)
 .debug_info    0x00000000000000c7       0xc7 /usr/bin/../lib/gcc/msp430/4.6.3/mcpu-430x/mmpy-16/libgcc.a(_udivmod16.o)
 .debug_info    0x000000000000018e       0xc7 /usr/bin/../lib/gcc/msp430/4.6.3/mcpu-430x/mmpy-16/libgcc.a(_divmod16.o)
 .debug_info    0x0000000000000255       0xc7 /usr/bin/../lib/gcc/msp430/4.6.3/mcpu-430x/mmpy-16/libgcc.a(_udivmod32.o)
 .debug_info    0x000000000000031c       0xbb /usr/bin/../lib/gcc/msp430/4.6.3/../../../../msp430/lib/mcpu-430x/mmpy-16/libc.a(strncmp.o)
 .debug_info    0x00000000000003d7       0xe8 /usr/bin/../lib/gcc/msp430/4.6.3/../../../../msp430/lib/mcpu-430x/mmpy-16/libc.a(memcmp.o)
 .debug_info    0x00000000000004bf      0x111 /usr/bin/../lib/gcc/msp430/4.6.3/../../../../msp430/lib/mcpu-430x/mmpy-16/libc.a(memcpy.o)
 .debug_info    0x00000000000005d0       0xfe /usr/bin/../lib/gcc/msp430/4.6.3/../../../../msp430/lib/mcpu-430x/mmpy-16/libc.a(memset.o)
 .debug_info    0x00000000000006ce      0x14f /usr/bin/../lib/gcc/msp430/4.6.3/../../../../msp430/lib/mcpu-430x/mmpy-16/libc.a(malloc.o)
 .debug_info    0x000000000000081d      0x105 /usr/bin/../lib/gcc/msp430/4.6.3/../../../../msp430/lib/mcpu-430x/mmpy-16/libc.a(printf.o)
 .debug_info    0x0000000000000922      0x565 /usr/bin/../lib/gcc/msp430/4.6.3/../../../../msp430/lib/mcpu-430x/mmpy-16/libc.a(vuprintf.o)
 .debug_info    0x0000000000000e87       0x96 /usr/bin/../lib/gcc/msp430/4.6.3/../../../../msp430/lib/mcpu-430x/mmpy-16/libc.a(puts.o)
 .debug_info    0x0000000000000f1d      0x13f /usr/bin/../lib/gcc/msp430/4.6.3/../../../../msp430/lib/mcpu-430x/mmpy-16/libc.a(rand.o)
 .debug_info    0x000000000000105c       0xc7 /usr/bin/../lib/gcc/msp430/4.6.3/mcpu-430x/mmpy-16/libgcc.a(_udivmod64.o)
 .debug_info    0x0000000000001123       0x96 /usr/bin/../lib/gcc/msp430/4.6.3/mcpu-430x/mmpy-16/libcrt0.a(__watchdog_support.o)
 .debug_info    0x00000000000011b9       0x96 /usr/bin/../lib/gcc/msp430/4.6.3/mcpu-430x/mmpy-16/libcrt0.a(__init_stack.o)
 .debug_info    0x000000000000124f       0x96 /usr/bin/../lib/gcc/msp430/4.6.3/mcpu-430x/mmpy-16/libcrt0.a(_copy_data.o)
 .debug_info    0x00000000000012e5       0x96 /usr/bin/../lib/gcc/msp430/4.6.3/mcpu-430x/mmpy-16/libcrt0.a(_clear_bss.o)
 .debug_info    0x000000000000137b       0x96 /usr/bin/../lib/gcc/msp430/4.6.3/mcpu-430x/mmpy-16/libcrt0.a(_endless_loop__.o)
 .debug_info    0x0000000000001411       0x96 /usr/bin/../lib/gcc/msp430/4.6.3/mcpu-430x/mmpy-16/libcrt0.a(_unexpected_.o)
 *(.gnu.linkonce.wi.*)

.debug_abbrev   0x0000000000000000      0x848
 *(.debug_abbrev)
 .debug_abbrev  0x0000000000000000       0x14 /usr/bin/../lib/gcc/msp430/4.6.3/mcpu-430x/mmpy-16/libgcc.a(_mulsi3.o)
 .debug_abbrev  0x0000000000000014       0x14 /usr/bin/../lib/gcc/msp430/4.6.3/mcpu-430x/mmpy-16/libgcc.a(_udivmod16.o)
 .debug_abbrev  0x0000000000000028       0x14 /usr/bin/../lib/gcc/msp430/4.6.3/mcpu-430x/mmpy-16/libgcc.a(_divmod16.o)
 .debug_abbrev  0x000000000000003c       0x14 /usr/bin/../lib/gcc/msp430/4.6.3/mcpu-430x/mmpy-16/libgcc.a(_udivmod32.o)
 .debug_abbrev  0x0000000000000050       0x7c /usr/bin/../lib/gcc/msp430/4.6.3/../../../../msp430/lib/mcpu-430x/mmpy-16/libc.a(strncmp.o)
 .debug_abbrev  0x00000000000000cc       0x9b /usr/bin/../lib/gcc/msp430/4.6.3/../../../../msp430/lib/mcpu-430x/mmpy-16/libc.a(memcmp.o)
 .debug_abbrev  0x0000000000000167       0xa6 /usr/bin/../lib/gcc/msp430/4.6.3/../../../../msp430/lib/mcpu-430x/mmpy-16/libc.a(memcpy.o)
 .debug_abbrev  0x000000000000020d       0x9c /usr/bin/../lib/gcc/msp430/4.6.3/../../../../msp430/lib/mcpu-430x/mmpy-16/libc.a(memset.o)
 .debug_abbrev  0x00000000000002a9      0x104 /usr/bin/../lib/gcc/msp430/4.6.3/../../../../msp430/lib/mcpu-430x/mmpy-16/libc.a(malloc.o)
 .debug_abbrev  0x00000000000003ad       0xd0 /usr/bin/../lib/gcc/msp430/4.6.3/../../../../msp430/lib/mcpu-430x/mmpy-16/libc.a(printf.o)
 .debug_abbrev  0x000000000000047d      0x1ef /usr/bin/../lib/gcc/msp430/4.6.3/../../../../msp430/lib/mcpu-430x/mmpy-16/libc.a(vuprintf.o)
 .debug_abbrev  0x000000000000066c       0x60 /usr/bin/../lib/gcc/msp430/4.6.3/../../../../msp430/lib/mcpu-430x/mmpy-16/libc.a(puts.o)
 .debug_abbrev  0x00000000000006cc       0xf0 /usr/bin/../lib/gcc/msp430/4.6.3/../../../../msp430/lib/mcpu-430x/mmpy-16/libc.a(rand.o)
 .debug_abbrev  0x00000000000007bc       0x14 /usr/bin/../lib/gcc/msp430/4.6.3/mcpu-430x/mmpy-16/libgcc.a(_udivmod64.o)
 .debug_abbrev  0x00000000000007d0       0x14 /usr/bin/../lib/gcc/msp430/4.6.3/mcpu-430x/mmpy-16/libcrt0.a(__watchdog_support.o)
 .debug_abbrev  0x00000000000007e4       0x14 /usr/bin/../lib/gcc/msp430/4.6.3/mcpu-430x/mmpy-16/libcrt0.a(__init_stack.o)
 .debug_abbrev  0x00000000000007f8       0x14 /usr/bin/../lib/gcc/msp430/4.6.3/mcpu-430x/mmpy-16/libcrt0.a(_copy_data.o)
 .debug_abbrev  0x000000000000080c       0x14 /usr/bin/../lib/gcc/msp430/4.6.3/mcpu-430x/mmpy-16/libcrt0.a(_clear_bss.o)
 .debug_abbrev  0x0000000000000820       0x14 /usr/bin/../lib/gcc/msp430/4.6.3/mcpu-430x/mmpy-16/libcrt0.a(_endless_loop__.o)
 .debug_abbrev  0x0000000000000834       0x14 /usr/bin/../lib/gcc/msp430/4.6.3/mcpu-430x/mmpy-16/libcrt0.a(_unexpected_.o)

.debug_line     0x0000000000000000      0xd7a
 *(.debug_line)
 .debug_line    0x0000000000000000       0x76 /usr/bin/../lib/gcc/msp430/4.6.3/mcpu-430x/mmpy-16/libgcc.a(_mulsi3.o)
 .debug_line    0x0000000000000076       0x70 /usr/bin/../lib/gcc/msp430/4.6.3/mcpu-430x/mmpy-16/libgcc.a(_udivmod16.o)
 .debug_line    0x00000000000000e6       0x7b /usr/bin/../lib/gcc/msp430/4.6.3/mcpu-430x/mmpy-16/libgcc.a(_divmod16.o)
 .debug_line    0x0000000000000161       0x7b /usr/bin/../lib/gcc/msp430/4.6.3/mcpu-430x/mmpy-16/libgcc.a(_udivmod32.o)
 .debug_line    0x00000000000001dc       0xba /usr/bin/../lib/gcc/msp430/4.6.3/../../../../msp430/lib/mcpu-430x/mmpy-16/libc.a(strncmp.o)
 .debug_line    0x0000000000000296       0xb8 /usr/bin/../lib/gcc/msp430/4.6.3/../../../../msp430/lib/mcpu-430x/mmpy-16/libc.a(memcmp.o)
 .debug_line    0x000000000000034e      0x12e /usr/bin/../lib/gcc/msp430/4.6.3/../../../../msp430/lib/mcpu-430x/mmpy-16/libc.a(memcpy.o)
 .debug_line    0x000000000000047c      0x10d /usr/bin/../lib/gcc/msp430/4.6.3/../../../../msp430/lib/mcpu-430x/mmpy-16/libc.a(memset.o)
 .debug_line    0x0000000000000589      0x105 /usr/bin/../lib/gcc/msp430/4.6.3/../../../../msp430/lib/mcpu-430x/mmpy-16/libc.a(malloc.o)
 .debug_line    0x000000000000068e       0xb7 /usr/bin/../lib/gcc/msp430/4.6.3/../../../../msp430/lib/mcpu-430x/mmpy-16/libc.a(printf.o)
 .debug_line    0x0000000000000745      0x313 /usr/bin/../lib/gcc/msp430/4.6.3/../../../../msp430/lib/mcpu-430x/mmpy-16/libc.a(vuprintf.o)
 .debug_line    0x0000000000000a58       0x4d /usr/bin/../lib/gcc/msp430/4.6.3/../../../../msp430/lib/mcpu-430x/mmpy-16/libc.a(puts.o)
 .debug_line    0x0000000000000aa5       0x4f /usr/bin/../lib/gcc/msp430/4.6.3/../../../../msp430/lib/mcpu-430x/mmpy-16/libc.a(rand.o)
 .debug_line    0x0000000000000af4       0xa9 /usr/bin/../lib/gcc/msp430/4.6.3/mcpu-430x/mmpy-16/libgcc.a(_udivmod64.o)
 .debug_line    0x0000000000000b9d       0x4f /usr/bin/../lib/gcc/msp430/4.6.3/mcpu-430x/mmpy-16/libcrt0.a(__watchdog_support.o)
 .debug_line    0x0000000000000bec       0x4d /usr/bin/../lib/gcc/msp430/4.6.3/mcpu-430x/mmpy-16/libcrt0.a(__init_stack.o)
 .debug_line    0x0000000000000c39       0x53 /usr/bin/../lib/gcc/msp430/4.6.3/mcpu-430x/mmpy-16/libcrt0.a(_copy_data.o)
 .debug_line    0x0000000000000c8c       0x53 /usr/bin/../lib/gcc/msp430/4.6.3/mcpu-430x/mmpy-16/libcrt0.a(_clear_bss.o)
 .debug_line    0x0000000000000cdf       0x4e /usr/bin/../lib/gcc/msp430/4.6.3/mcpu-430x/mmpy-16/libcrt0.a(_endless_loop__.o)
 .debug_line    0x0000000000000d2d       0x4d /usr/bin/../lib/gcc/msp430/4.6.3/mcpu-430x/mmpy-16/libcrt0.a(_unexpected_.o)

.debug_frame    0x0000000000000000      0x1ea
 *(.debug_frame)
 .debug_frame   0x0000000000000000       0x24 /usr/bin/../lib/gcc/msp430/4.6.3/../../../../msp430/lib/mcpu-430x/mmpy-16/libc.a(strncmp.o)
 .debug_frame   0x0000000000000024       0x24 /usr/bin/../lib/gcc/msp430/4.6.3/../../../../msp430/lib/mcpu-430x/mmpy-16/libc.a(memcmp.o)
 .debug_frame   0x0000000000000048       0x2c /usr/bin/../lib/gcc/msp430/4.6.3/../../../../msp430/lib/mcpu-430x/mmpy-16/libc.a(memcpy.o)
 .debug_frame   0x0000000000000074       0x2a /usr/bin/../lib/gcc/msp430/4.6.3/../../../../msp430/lib/mcpu-430x/mmpy-16/libc.a(memset.o)
 .debug_frame   0x000000000000009e       0x3e /usr/bin/../lib/gcc/msp430/4.6.3/../../../../msp430/lib/mcpu-430x/mmpy-16/libc.a(malloc.o)
 .debug_frame   0x00000000000000dc       0x2a /usr/bin/../lib/gcc/msp430/4.6.3/../../../../msp430/lib/mcpu-430x/mmpy-16/libc.a(printf.o)
 .debug_frame   0x0000000000000106       0x84 /usr/bin/../lib/gcc/msp430/4.6.3/../../../../msp430/lib/mcpu-430x/mmpy-16/libc.a(vuprintf.o)
 .debug_frame   0x000000000000018a       0x24 /usr/bin/../lib/gcc/msp430/4.6.3/../../../../msp430/lib/mcpu-430x/mmpy-16/libc.a(puts.o)
 .debug_frame   0x00000000000001ae       0x3c /usr/bin/../lib/gcc/msp430/4.6.3/../../../../msp430/lib/mcpu-430x/mmpy-16/libc.a(rand.o)

.debug_str      0x0000000000000000      0x45d
 *(.debug_str)
 .debug_str     0x0000000000000000       0xf5 /usr/bin/../lib/gcc/msp430/4.6.3/../../../../msp430/lib/mcpu-430x/mmpy-16/libc.a(strncmp.o)
                                        0x12e (size before relaxing)
 .debug_str     0x00000000000000f5       0x19 /usr/bin/../lib/gcc/msp430/4.6.3/../../../../msp430/lib/mcpu-430x/mmpy-16/libc.a(memcmp.o)
                                        0x12c (size before relaxing)
 .debug_str     0x000000000000010e       0x34 /usr/bin/../lib/gcc/msp430/4.6.3/../../../../msp430/lib/mcpu-430x/mmpy-16/libc.a(memcpy.o)
                                        0x147 (size before relaxing)
 .debug_str     0x0000000000000142       0x26 /usr/bin/../lib/gcc/msp430/4.6.3/../../../../msp430/lib/mcpu-430x/mmpy-16/libc.a(memset.o)
                                        0x145 (size before relaxing)
 .debug_str     0x0000000000000168       0x55 /usr/bin/../lib/gcc/msp430/4.6.3/../../../../msp430/lib/mcpu-430x/mmpy-16/libc.a(malloc.o)
                                        0x16d (size before relaxing)
 .debug_str     0x00000000000001bd       0x40 /usr/bin/../lib/gcc/msp430/4.6.3/../../../../msp430/lib/mcpu-430x/mmpy-16/libc.a(printf.o)
                                        0x15b (size before relaxing)
 .debug_str     0x00000000000001fd      0x221 /usr/bin/../lib/gcc/msp430/4.6.3/../../../../msp430/lib/mcpu-430x/mmpy-16/libc.a(vuprintf.o)
                                        0x3a6 (size before relaxing)
 .debug_str     0x000000000000041e       0x15 /usr/bin/../lib/gcc/msp430/4.6.3/../../../../msp430/lib/mcpu-430x/mmpy-16/libc.a(puts.o)
                                        0x121 (size before relaxing)
 .debug_str     0x0000000000000433       0x2a /usr/bin/../lib/gcc/msp430/4.6.3/../../../../msp430/lib/mcpu-430x/mmpy-16/libc.a(rand.o)
                                        0x140 (size before relaxing)

.debug_loc      0x0000000000000000      0xb1f
 *(.debug_loc)
 .debug_loc     0x0000000000000000       0x38 /usr/bin/../lib/gcc/msp430/4.6.3/../../../../msp430/lib/mcpu-430x/mmpy-16/libc.a(strncmp.o)
 .debug_loc     0x0000000000000038       0x5e /usr/bin/../lib/gcc/msp430/4.6.3/../../../../msp430/lib/mcpu-430x/mmpy-16/libc.a(memcmp.o)
 .debug_loc     0x0000000000000096      0x1b7 /usr/bin/../lib/gcc/msp430/4.6.3/../../../../msp430/lib/mcpu-430x/mmpy-16/libc.a(memcpy.o)
 .debug_loc     0x000000000000024d       0xc3 /usr/bin/../lib/gcc/msp430/4.6.3/../../../../msp430/lib/mcpu-430x/mmpy-16/libc.a(memset.o)
 .debug_loc     0x0000000000000310       0xeb /usr/bin/../lib/gcc/msp430/4.6.3/../../../../msp430/lib/mcpu-430x/mmpy-16/libc.a(malloc.o)
 .debug_loc     0x00000000000003fb       0x38 /usr/bin/../lib/gcc/msp430/4.6.3/../../../../msp430/lib/mcpu-430x/mmpy-16/libc.a(printf.o)
 .debug_loc     0x0000000000000433      0x697 /usr/bin/../lib/gcc/msp430/4.6.3/../../../../msp430/lib/mcpu-430x/mmpy-16/libc.a(vuprintf.o)
 .debug_loc     0x0000000000000aca       0x26 /usr/bin/../lib/gcc/msp430/4.6.3/../../../../msp430/lib/mcpu-430x/mmpy-16/libc.a(puts.o)
 .debug_loc     0x0000000000000af0       0x2f /usr/bin/../lib/gcc/msp430/4.6.3/../../../../msp430/lib/mcpu-430x/mmpy-16/libc.a(rand.o)

.debug_macinfo
 *(.debug_macinfo)

.debug_pubtypes
 *(.debug_pubtypes)

.debug_ranges   0x0000000000000000       0x24
 *(.debug_ranges)
 .debug_ranges  0x0000000000000000        0xc /usr/bin/../lib/gcc/msp430/4.6.3/../../../../msp430/lib/mcpu-430x/mmpy-16/libc.a(malloc.o)
 .debug_ranges  0x000000000000000c       0x18 /usr/bin/../lib/gcc/msp430/4.6.3/../../../../msp430/lib/mcpu-430x/mmpy-16/libc.a(vuprintf.o)
                0x0000000000003100                PROVIDE (__stack, (ORIGIN (ram) + 0x2000))
                0x000000000000a322                PROVIDE (__data_start_rom, _etext)
                0x000000000000a3e0                PROVIDE (__data_end_rom, (_etext + SIZEOF (.data)))
OUTPUT(example-collect.z1 elf32-msp430)
