Archive member included because of file (symbol)

contiki-sky.a(rimeaddr.o)     obj_sky/contiki-sky-main.o (rimeaddr_copy)
contiki-sky.a(rime.o)         obj_sky/contiki-sky-main.o (rime_driver)
contiki-sky.a(announcement.o)
                              contiki-sky.a(rime.o) (announcement_init)
contiki-sky.a(broadcast-annou)
                              contiki-sky.a(rime.o) (broadcast_announcement_init)
contiki-sky.a(broadcast.o)    contiki-sky.a(broadcast-annou) (broadcast_open)
contiki-sky.a(abc.o)          contiki-sky.a(broadcast.o) (abc_open)
contiki-sky.a(mesh.o)         example-mesh.co (mesh_open)
contiki-sky.a(route.o)        contiki-sky.a(mesh.o) (route_init)
contiki-sky.a(route-discovery)
                              contiki-sky.a(mesh.o) (route_discovery_open)
contiki-sky.a(chameleon.o)    contiki-sky.a(rime.o) (chameleon_init)
contiki-sky.a(channel.o)      contiki-sky.a(chameleon.o) (channel_init)
contiki-sky.a(chameleon-bitop)
                              contiki-sky.a(chameleon.o) (chameleon_bitopt)
contiki-sky.a(csma.o)         obj_sky/contiki-sky-main.o (csma_driver)
contiki-sky.a(contikimac.o)   obj_sky/contiki-sky-main.o (contikimac_driver)
contiki-sky.a(phase.o)        contiki-sky.a(contikimac.o) (phase_update)
contiki-sky.a(process.o)      obj_sky/contiki-sky-main.o (process_init)
contiki-sky.a(autostart.o)    obj_sky/contiki-sky-main.o (autostart_start)
contiki-sky.a(compower.o)     contiki-sky.a(contikimac.o) (compower_accumulate)
contiki-sky.a(serial-line.o)  obj_sky/contiki-sky-main.o (serial_line_input_byte)
contiki-sky.a(memb.o)         contiki-sky.a(route.o) (memb_init)
contiki-sky.a(timer.o)        obj_sky/contiki-sky-main.o (timer_set)
contiki-sky.a(list.o)         contiki-sky.a(announcement.o) (list_init)
contiki-sky.a(etimer.o)       obj_sky/contiki-sky-main.o (etimer_process)
contiki-sky.a(ctimer.o)       obj_sky/contiki-sky-main.o (ctimer_init)
contiki-sky.a(energest.o)     obj_sky/contiki-sky-main.o (energest_init)
contiki-sky.a(rtimer.o)       obj_sky/contiki-sky-main.o (rtimer_init)
contiki-sky.a(random.o)       obj_sky/contiki-sky-main.o (random_init)
contiki-sky.a(ringbuf.o)      contiki-sky.a(serial-line.o) (ringbuf_init)
contiki-sky.a(nbr-table.o)    contiki-sky.a(phase.o) (nbr_table_register)
contiki-sky.a(packetbuf.o)    contiki-sky.a(contikimac.o) (packetbuf_hdr_remove)
contiki-sky.a(queuebuf.o)     contiki-sky.a(rime.o) (queuebuf_init)
contiki-sky.a(contiki-sky-pla)
                              obj_sky/contiki-sky-main.o (init_platform)
contiki-sky.a(button-sensor.o)
                              example-mesh.co (button_sensor)
contiki-sky.a(ds2411.o)       obj_sky/contiki-sky-main.o (ds2411_init)
contiki-sky.a(xmem.o)         obj_sky/contiki-sky-main.o (xmem_init)
contiki-sky.a(node-id.o)      obj_sky/contiki-sky-main.o (node_id_restore)
contiki-sky.a(sensors.o)      example-mesh.co (sensors_event)
contiki-sky.a(cc2420.o)       obj_sky/contiki-sky-main.o (cc2420_set_channel)
contiki-sky.a(cc2420-arch.o)  contiki-sky.a(cc2420.o) (cc2420_arch_init)
contiki-sky.a(uart1.o)        obj_sky/contiki-sky-main.o (uart1_active)
contiki-sky.a(uart1-putchar.o)
                              obj_sky/contiki-sky-main.o (putchar)
contiki-sky.a(msp430.o)       contiki-sky.a(uart1.o) (msp430_add_lpm_req)
contiki-sky.a(clock.o)        contiki-sky.a(timer.o) (clock_time)
contiki-sky.a(leds.o)         obj_sky/contiki-sky-main.o (leds_init)
contiki-sky.a(leds-arch.o)    contiki-sky.a(leds.o) (leds_arch_init)
contiki-sky.a(watchdog.o)     obj_sky/contiki-sky-main.o (watchdog_start)
contiki-sky.a(rtimer-arch.o)  contiki-sky.a(rtimer.o) (rtimer_arch_init)
contiki-sky.a(unicast.o)      contiki-sky.a(route-discovery) (unicast_open)
contiki-sky.a(netflood.o)     contiki-sky.a(route-discovery) (netflood_open)
contiki-sky.a(multihop.o)     contiki-sky.a(mesh.o) (multihop_open)
contiki-sky.a(mac.o)          contiki-sky.a(csma.o) (mac_call_sent_callback)
contiki-sky.a(framer-802154.o)
                              contiki-sky.a(contikimac.o) (framer_802154)
contiki-sky.a(spi.o)          contiki-sky.a(xmem.o) (spi_init)
contiki-sky.a(ipolite.o)      contiki-sky.a(netflood.o) (ipolite_open)
contiki-sky.a(frame802154.o)  contiki-sky.a(framer-802154.o) (frame802154_hdrlen)
/usr/bin/../lib/gcc/msp430/4.6.3/mmpy-16/libgcc.a(_mulsi3.o)
                              contiki-sky.a(csma.o) (__mulsi3)
/usr/bin/../lib/gcc/msp430/4.6.3/mmpy-16/libgcc.a(_udivmod16.o)
                              contiki-sky.a(phase.o) (__umodhi3)
/usr/bin/../lib/gcc/msp430/4.6.3/mmpy-16/libgcc.a(_divmod16.o)
                              contiki-sky.a(nbr-table.o) (__divhi3)
/usr/bin/../lib/gcc/msp430/4.6.3/mmpy-16/libgcc.a(_udivmod32.o)
                              obj_sky/contiki-sky-main.o (__udivsi3)
/usr/bin/../lib/gcc/msp430/4.6.3/../../../../msp430/lib/mmpy-16/libc.a(strncmp.o)
                              contiki-sky.a(sensors.o) (strncmp)
[...]
Memory Configuration

Name             Origin             Length             Attributes
sfr              0x0000000000000000 0x0000000000000010
peripheral_8bit  0x0000000000000010 0x00000000000000f0
peripheral_16bit 0x0000000000000100 0x0000000000000100
ram_mirror       0x0000000000000200 0x0000000000000800 xw
infomem          0x0000000000001000 0x0000000000000100
infob            0x0000000000001000 0x0000000000000080
infoa            0x0000000000001080 0x0000000000000080
ram              0x0000000000001100 0x0000000000002800 xw
rom              0x0000000000004000 0x000000000000bfe0 xr
vectors          0x000000000000ffe0 0x0000000000000020
bsl              0x0000000000000000 0x0000000000000000
infoc            0x0000000000000000 0x0000000000000000
infod            0x0000000000000000 0x0000000000000000
ram2             0x0000000000000000 0x0000000000000000 xw
usbram           0x0000000000000000 0x0000000000000000 xw
far_rom          0x0000000000000000 0x0000000000000000
*default*        0x0000000000000000 0xffffffffffffffff

Linker script and memory map

LOAD /usr/bin/../lib/gcc/msp430/4.6.3/mmpy-16/crt0ivtbl16.o
LOAD example-mesh.co
LOAD obj_sky/contiki-sky-main.o
LOAD contiki-sky.a
LOAD /usr/bin/../lib/gcc/msp430/4.6.3/mmpy-16/libgcc.a
LOAD /usr/bin/../lib/gcc/msp430/4.6.3/../../../../msp430/lib/mmpy-16/libc.a
LOAD /usr/bin/../lib/gcc/msp430/4.6.3/mmpy-16/libgcc.a
LOAD /usr/bin/../lib/gcc/msp430/4.6.3/mmpy-16/libcrt0.a
                0x0000000000000080                PROVIDE (__info_segment_size, 0x80)
                0x0000000000001000                PROVIDE (__infob, 0x1000)
                0x0000000000001080                PROVIDE (__infoa, 0x1080)
                0x0000000000000000                __IE1 = 0x0
                0x0000000000000002                __IFG1 = 0x2
                0x0000000000000004                __ME1 = 0x4
                0x0000000000000001                __IE2 = 0x1
                0x0000000000000003                __IFG2 = 0x3
                0x0000000000000005                __ME2 = 0x5
                0x0000000000000120                __WDTCTL = 0x120
                0x0000000000000130                __MPY = 0x130
                0x0000000000000132                __MPYS = 0x132
                0x0000000000000134                __MAC = 0x134
                0x0000000000000136                __MACS = 0x136
                0x0000000000000138                __OP2 = 0x138
                0x000000000000013a                __RESLO = 0x13a
                0x000000000000013c                __RESHI = 0x13c
                0x000000000000013e                __SUMEXT = 0x13e
                0x0000000000000020                __P1IN = 0x20
                0x0000000000000021                __P1OUT = 0x21
                0x0000000000000022                __P1DIR = 0x22
                0x0000000000000023                __P1IFG = 0x23
                0x0000000000000024                __P1IES = 0x24
                0x0000000000000025                __P1IE = 0x25
                0x0000000000000026                __P1SEL = 0x26
                0x0000000000000028                __P2IN = 0x28
                0x0000000000000029                __P2OUT = 0x29
                0x000000000000002a                __P2DIR = 0x2a
                0x000000000000002b                __P2IFG = 0x2b
                0x000000000000002c                __P2IES = 0x2c
                0x000000000000002d                __P2IE = 0x2d
                0x000000000000002e                __P2SEL = 0x2e
                0x0000000000000018                __P3IN = 0x18
                0x0000000000000019                __P3OUT = 0x19
                0x000000000000001a                __P3DIR = 0x1a
                0x000000000000001b                __P3SEL = 0x1b
                0x000000000000001c                __P4IN = 0x1c
                0x000000000000001d                __P4OUT = 0x1d
                0x000000000000001e                __P4DIR = 0x1e
                0x000000000000001f                __P4SEL = 0x1f
                0x0000000000000030                __P5IN = 0x30
                0x0000000000000031                __P5OUT = 0x31
                0x0000000000000032                __P5DIR = 0x32
                0x0000000000000033                __P5SEL = 0x33
                0x0000000000000034                __P6IN = 0x34
                0x0000000000000035                __P6OUT = 0x35
                0x0000000000000036                __P6DIR = 0x36
                0x0000000000000037                __P6SEL = 0x37
                0x0000000000000070                __U0CTL = 0x70
                0x0000000000000071                __U0TCTL = 0x71
                0x0000000000000072                __U0RCTL = 0x72
                0x0000000000000073                __U0MCTL = 0x73
                0x0000000000000074                __U0BR0 = 0x74
                0x0000000000000075                __U0BR1 = 0x75
                0x0000000000000076                __U0RXBUF = 0x76
                0x0000000000000077                __U0TXBUF = 0x77
                0x0000000000000078                __U1CTL = 0x78
                0x0000000000000079                __U1TCTL = 0x79
                0x000000000000007a                __U1RCTL = 0x7a
                0x000000000000007b                __U1MCTL = 0x7b
                0x000000000000007c                __U1BR0 = 0x7c
                0x000000000000007d                __U1BR1 = 0x7d
                0x000000000000007e                __U1RXBUF = 0x7e
                0x000000000000007f                __U1TXBUF = 0x7f
                0x0000000000000050                __I2CIE = 0x50
                0x0000000000000051                __I2CIFG = 0x51
                0x0000000000000052                __I2CNDAT = 0x52
                0x0000000000000071                __I2CTCTL = 0x71
                0x0000000000000072                __I2CDCTL = 0x72
                0x0000000000000073                __I2CPSC = 0x73
                0x0000000000000074                __I2CSCLH = 0x74
                0x0000000000000075                __I2CSCLL = 0x75
                0x0000000000000076                __I2CDRB = 0x76
                0x0000000000000076                __I2CDRW = 0x76
                0x0000000000000118                __I2COA = 0x118
                0x000000000000011a                __I2CSA = 0x11a
                0x000000000000011c                __I2CIV = 0x11c
                0x000000000000012e                __TAIV = 0x12e
                0x0000000000000160                __TACTL = 0x160
                0x0000000000000162                __TACCTL0 = 0x162
                0x0000000000000164                __TACCTL1 = 0x164
                0x0000000000000166                __TACCTL2 = 0x166
                0x0000000000000170                __TAR = 0x170
                0x0000000000000172                __TACCR0 = 0x172
                0x0000000000000174                __TACCR1 = 0x174
                0x0000000000000176                __TACCR2 = 0x176
                0x000000000000011e                __TBIV = 0x11e
                0x0000000000000180                __TBCTL = 0x180
                0x0000000000000182                __TBCCTL0 = 0x182
                0x0000000000000184                __TBCCTL1 = 0x184
                0x0000000000000186                __TBCCTL2 = 0x186
                0x0000000000000188                __TBCCTL3 = 0x188
                0x000000000000018a                __TBCCTL4 = 0x18a
                0x000000000000018c                __TBCCTL5 = 0x18c
                0x000000000000018e                __TBCCTL6 = 0x18e
                0x0000000000000190                __TBR = 0x190
                0x0000000000000192                __TBCCR0 = 0x192
                0x0000000000000194                __TBCCR1 = 0x194
                0x0000000000000196                __TBCCR2 = 0x196
                0x0000000000000198                __TBCCR3 = 0x198
                0x000000000000019a                __TBCCR4 = 0x19a
                0x000000000000019c                __TBCCR5 = 0x19c
                0x000000000000019e                __TBCCR6 = 0x19e
                0x0000000000000056                __DCOCTL = 0x56
                0x0000000000000057                __BCSCTL1 = 0x57
                0x0000000000000058                __BCSCTL2 = 0x58
                0x0000000000000055                __SVSCTL = 0x55
                0x0000000000000128                __FCTL1 = 0x128
                0x000000000000012a                __FCTL2 = 0x12a
                0x000000000000012c                __FCTL3 = 0x12c
                0x0000000000000059                __CACTL1 = 0x59
                0x000000000000005a                __CACTL2 = 0x5a
                0x000000000000005b                __CAPD = 0x5b
                0x00000000000001a0                __ADC12CTL0 = 0x1a0
                0x00000000000001a2                __ADC12CTL1 = 0x1a2
                0x00000000000001a4                __ADC12IFG = 0x1a4
                0x00000000000001a6                __ADC12IE = 0x1a6
                0x00000000000001a8                __ADC12IV = 0x1a8
                0x0000000000000140                __ADC12MEM0 = 0x140
                0x0000000000000142                __ADC12MEM1 = 0x142
                0x0000000000000144                __ADC12MEM2 = 0x144
                0x0000000000000146                __ADC12MEM3 = 0x146
                0x0000000000000148                __ADC12MEM4 = 0x148
                0x000000000000014a                __ADC12MEM5 = 0x14a
                0x000000000000014c                __ADC12MEM6 = 0x14c
                0x000000000000014e                __ADC12MEM7 = 0x14e
                0x0000000000000150                __ADC12MEM8 = 0x150
                0x0000000000000152                __ADC12MEM9 = 0x152
                0x0000000000000154                __ADC12MEM10 = 0x154
                0x0000000000000156                __ADC12MEM11 = 0x156
                0x0000000000000158                __ADC12MEM12 = 0x158
                0x000000000000015a                __ADC12MEM13 = 0x15a
                0x000000000000015c                __ADC12MEM14 = 0x15c
                0x000000000000015e                __ADC12MEM15 = 0x15e
                0x0000000000000080                __ADC12MCTL0 = 0x80
                0x0000000000000081                __ADC12MCTL1 = 0x81
                0x0000000000000082                __ADC12MCTL2 = 0x82
                0x0000000000000083                __ADC12MCTL3 = 0x83
                0x0000000000000084                __ADC12MCTL4 = 0x84
                0x0000000000000085                __ADC12MCTL5 = 0x85
                0x0000000000000086                __ADC12MCTL6 = 0x86
                0x0000000000000087                __ADC12MCTL7 = 0x87
                0x0000000000000088                __ADC12MCTL8 = 0x88
                0x0000000000000089                __ADC12MCTL9 = 0x89
                0x000000000000008a                __ADC12MCTL10 = 0x8a
                0x000000000000008b                __ADC12MCTL11 = 0x8b
                0x000000000000008c                __ADC12MCTL12 = 0x8c
                0x000000000000008d                __ADC12MCTL13 = 0x8d
                0x000000000000008e                __ADC12MCTL14 = 0x8e
                0x000000000000008f                __ADC12MCTL15 = 0x8f
                0x00000000000001c0                __DAC12_0CTL = 0x1c0
                0x00000000000001c2                __DAC12_1CTL = 0x1c2
                0x00000000000001c8                __DAC12_0DAT = 0x1c8
                0x00000000000001ca                __DAC12_1DAT = 0x1ca
                0x0000000000000122                __DMACTL0 = 0x122
                0x0000000000000124                __DMACTL1 = 0x124
                0x00000000000001e0                __DMA0CTL = 0x1e0
                0x00000000000001e8                __DMA1CTL = 0x1e8
                0x00000000000001f0                __DMA2CTL = 0x1f0
                0x00000000000001e2                __DMA0SA = 0x1e2
                0x00000000000001e4                __DMA0DA = 0x1e4
                0x00000000000001e6                __DMA0SZ = 0x1e6
                0x00000000000001ea                __DMA1SA = 0x1ea
                0x00000000000001ec                __DMA1DA = 0x1ec
                0x00000000000001ee                __DMA1SZ = 0x1ee
                0x00000000000001f2                __DMA2SA = 0x1f2
                0x00000000000001f4                __DMA2DA = 0x1f4
                0x00000000000001f6                __DMA2SZ = 0x1f6

.hash
 *(.hash)

.dynsym
 *(.dynsym)

.dynstr
 *(.dynstr)

.gnu.version
 *(.gnu.version)

.gnu.version_d
 *(.gnu.version_d)

.gnu.version_r
 *(.gnu.version_r)

.rel.init
 *(.rel.init)

.rela.init
 *(.rela.init)

.rel.fini
 *(.rel.fini)

.rela.fini
 *(.rela.fini)

.rel.text
 *(.rel.text .rel.text.* .rel.gnu.linkonce.t.*)

.rela.text
 *(.rela.text .rela.text.* .rela.gnu.linkonce.t.*)

.rel.rodata
 *(.rel.rodata .rel.rodata.* .rel.gnu.linkonce.r.*)

.rela.rodata
 *(.rela.rodata .rela.rodata.* .rela.gnu.linkonce.r.*)

.rel.data
 *(.rel.data .rel.data.* .rel.gnu.linkonce.d.*)

.rela.data
 *(.rela.data .rela.data.* .rela.gnu.linkonce.d.*)

.rel.bss
 *(.rel.bss .rel.bss.* .rel.gnu.linkonce.b.*)

.rela.bss
 *(.rela.bss .rela.bss.* .rela.gnu.linkonce.b.*)

.rel.ctors
 *(.rel.ctors)

.rela.ctors
 *(.rela.ctors)

.rel.dtors
 *(.rel.dtors)

.rela.dtors
 *(.rela.dtors)

.rel.got
 *(.rel.got)

.rela.got
 *(.rela.got)

.rel.plt
 *(.rel.plt)

.rela.plt
 *(.rela.plt)

.text           0x0000000000004000     0x5e66
                0x0000000000004000                . = ALIGN (0x2)
 *(.init .init.*)
 *(.init0)
 .init0         0x0000000000004000        0x0 /usr/bin/../lib/gcc/msp430/4.6.3/mmpy-16/libcrt0.a(_reset_vector__.o)
                0x0000000000004000                _reset_vector__
 *(.init1)
 .init1         0x0000000000004000        0xc /usr/bin/../lib/gcc/msp430/4.6.3/mmpy-16/libcrt0.a(__watchdog_support.o)
                0x0000000000004000                __watchdog_support
 *(.init2)
 .init2         0x000000000000400c        0x4 /usr/bin/../lib/gcc/msp430/4.6.3/mmpy-16/libcrt0.a(__init_stack.o)
                0x000000000000400c                __init_stack
 *(.init3)
 .init3         0x0000000000004010        0x0 /usr/bin/../lib/gcc/msp430/4.6.3/mmpy-16/libcrt0.a(__low_level_init.o)
                0x0000000000004010                __low_level_init
 *(.init4)
 .init4         0x0000000000004010       0x18 /usr/bin/../lib/gcc/msp430/4.6.3/mmpy-16/libcrt0.a(_copy_data.o)
                0x0000000000004010                __do_copy_data
 .init4         0x0000000000004028       0x16 /usr/bin/../lib/gcc/msp430/4.6.3/mmpy-16/libcrt0.a(_clear_bss.o)
                0x0000000000004028                __do_clear_bss
 *(.init5)
 *(.init6)
 *(.init7)
 *(.init8)
 *(.init9)
 .init9         0x000000000000403e      0x302 obj_sky/contiki-sky-main.o
                0x000000000000403e                main
 *(.fini9)
 .fini9         0x0000000000004340        0x0 /usr/bin/../lib/gcc/msp430/4.6.3/mmpy-16/libcrt0.a(__stop_progExec__.o)
                0x0000000000004340                __stop_progExec__
 *(.fini8)
 *(.fini7)
 *(.fini6)
 *(.fini5)
 *(.fini4)
 *(.fini3)
 *(.fini2)
 *(.fini1)
 *(.fini0)
 .fini0         0x0000000000004340        0x6 /usr/bin/../lib/gcc/msp430/4.6.3/mmpy-16/libcrt0.a(_endless_loop__.o)
                0x0000000000004340                _endless_loop__
 *(.fini .fini.*)
                0x0000000000004346                . = ALIGN (0x2)
                0x0000000000004346                __ctors_start = .
 *(.ctors)
                0x0000000000004346                __ctors_end = .
                0x0000000000004346                __dtors_start = .
 *(.dtors)
                0x0000000000004346                __dtors_end = .
                0x0000000000004346                . = ALIGN (0x2)
 *(.text .text.* .gnu.linkonce.t.*)
 .text          0x0000000000004346        0x4 /usr/bin/../lib/gcc/msp430/4.6.3/mmpy-16/crt0ivtbl16.o
                0x0000000000004346                __isr_14
                0x0000000000004346                __isr_11
                0x0000000000004346                __isr_2
                0x0000000000004346                __isr_7
                0x0000000000004346                __isr_0
                0x0000000000004346                __isr_8
                0x0000000000004346                __isr_3
                0x0000000000004346                __isr_12
                0x0000000000004346                __isr_13
                0x0000000000004346                __isr_9
 .text.timedout
                0x000000000000434a        0xa example-mesh.co
 .text.sent     0x0000000000004354        0xa example-mesh.co
 .text.process_thread_example_mesh_process
                0x000000000000435e       0x96 example-mesh.co
 .text.recv     0x00000000000043f4       0x52 example-mesh.co
 .text.rimeaddr_copy
                0x0000000000004446        0xc contiki-sky.a(rimeaddr.o)
                0x0000000000004446                rimeaddr_copy
 .text.rimeaddr_cmp
                0x0000000000004452       0x12 contiki-sky.a(rimeaddr.o)
                0x0000000000004452                rimeaddr_cmp
 .text.rimeaddr_set_node_addr
                0x0000000000004464        0xc contiki-sky.a(rimeaddr.o)
                0x0000000000004464                rimeaddr_set_node_addr
 .text.input    0x0000000000004470       0x3a contiki-sky.a(rime.o)
 .text.init     0x00000000000044aa       0x2e contiki-sky.a(rime.o)
 .text.packet_sent
                0x00000000000044d8       0x44 contiki-sky.a(rime.o)
 .text.rime_output
                0x000000000000451c       0x24 contiki-sky.a(rime.o)
                0x000000000000451c                rime_output
 .text.announcement_init
                0x0000000000004540        0xa contiki-sky.a(announcement.o)
                0x0000000000004540                announcement_init
 .text.announcement_register_observer_callback
                0x000000000000454a        0x6 contiki-sky.a(announcement.o)
                0x000000000000454a                announcement_register_observer_callback
 .text.announcement_list
                0x0000000000004550        0xa contiki-sky.a(announcement.o)
                0x0000000000004550                announcement_list
 .text.announcement_heard
                0x000000000000455a       0x42 contiki-sky.a(announcement.o)
                0x000000000000455a                announcement_heard
 .text.adv_packet_sent
                0x000000000000459c        0x2 contiki-sky.a(broadcast-annou)
 .text.adv_packet_received
                0x000000000000459e       0x66 contiki-sky.a(broadcast-annou)
 .text.set_timers
                0x0000000000004604       0x4a contiki-sky.a(broadcast-annou)
 .text.send_timer
                0x000000000000464e       0x36 contiki-sky.a(broadcast-annou)
 .text.new_announcement
                0x0000000000004684       0x18 contiki-sky.a(broadcast-annou)
 .text.send_adv
                0x000000000000469c       0x66 contiki-sky.a(broadcast-annou)
 .text.broadcast_announcement_init
                0x0000000000004702       0x48 contiki-sky.a(broadcast-annou)
                0x0000000000004702                broadcast_announcement_init
 .text.sent_by_abc
                0x000000000000474a       0x10 contiki-sky.a(broadcast.o)
 .text.recv_from_abc
                0x000000000000475a       0x26 contiki-sky.a(broadcast.o)
 .text.broadcast_open
                0x0000000000004780       0x2a contiki-sky.a(broadcast.o)
                0x0000000000004780                broadcast_open
 .text.broadcast_close
                0x00000000000047aa        0x6 contiki-sky.a(broadcast.o)
                0x00000000000047aa                broadcast_close
 .text.broadcast_send
                0x00000000000047b0       0x1a contiki-sky.a(broadcast.o)
                0x00000000000047b0                broadcast_send
 .text.abc_open
                0x00000000000047ca       0x26 contiki-sky.a(abc.o)
                0x00000000000047ca                abc_open
 .text.abc_close
                0x00000000000047f0        0x6 contiki-sky.a(abc.o)
                0x00000000000047f0                abc_close
 .text.abc_send
                0x00000000000047f6        0x6 contiki-sky.a(abc.o)
                0x00000000000047f6                abc_send
 .text.abc_input
                0x00000000000047fc        0xe contiki-sky.a(abc.o)
                0x00000000000047fc                abc_input
 .text.abc_sent
                0x000000000000480a       0x10 contiki-sky.a(abc.o)
                0x000000000000480a                abc_sent
 .text.route_timed_out
                0x000000000000481a       0x2c contiki-sky.a(mesh.o)
 .text.found_route
                0x0000000000004846       0x70 contiki-sky.a(mesh.o)
 .text.data_packet_received
                0x00000000000048b6       0x38 contiki-sky.a(mesh.o)
 .text.data_packet_forward
                0x00000000000048ee       0x5c contiki-sky.a(mesh.o)
 .text.mesh_open
                0x000000000000494a       0x42 contiki-sky.a(mesh.o)
                0x000000000000494a                mesh_open
 .text.mesh_close
                0x000000000000498c       0x16 contiki-sky.a(mesh.o)
                0x000000000000498c                mesh_close
 .text.mesh_send
                0x00000000000049a2       0x28 contiki-sky.a(mesh.o)
                0x00000000000049a2                mesh_send
 .text.periodic
                0x00000000000049ca       0x58 contiki-sky.a(route.o)
 .text.route_init
                0x0000000000004a22       0x28 contiki-sky.a(route.o)
                0x0000000000004a22                route_init
 .text.route_lookup
                0x0000000000004a4a       0x4c contiki-sky.a(route.o)
                0x0000000000004a4a                route_lookup
 .text.route_add
                0x0000000000004a96       0x88 contiki-sky.a(route.o)
                0x0000000000004a96                route_add
 .text.route_refresh
                0x0000000000004b1e        0xe contiki-sky.a(route.o)
                0x0000000000004b1e                route_refresh
 .text.timeout_handler
                0x0000000000004b2c       0x14 contiki-sky.a(route-discovery)
 .text.rrep_packet_received
                0x0000000000004b40       0xa0 contiki-sky.a(route-discovery)
 .text.rreq_packet_received
                0x0000000000004be0       0xd0 contiki-sky.a(route-discovery)
 .text.route_discovery_open
                0x0000000000004cb0       0x30 contiki-sky.a(route-discovery)
                0x0000000000004cb0                route_discovery_open
 .text.route_discovery_close
                0x0000000000004ce0       0x20 contiki-sky.a(route-discovery)
                0x0000000000004ce0                route_discovery_close
 .text.route_discovery_discover
                0x0000000000004d00       0x6e contiki-sky.a(route-discovery)
                0x0000000000004d00                route_discovery_discover
 .text.chameleon_init
                0x0000000000004d6e        0x6 contiki-sky.a(chameleon.o)
                0x0000000000004d6e                chameleon_init
 .text.chameleon_parse
                0x0000000000004d74       0x10 contiki-sky.a(chameleon.o)
                0x0000000000004d74                chameleon_parse
 .text.chameleon_create
                0x0000000000004d84       0x1c contiki-sky.a(chameleon.o)
                0x0000000000004d84                chameleon_create
 .text.chameleon_hdrsize
                0x0000000000004da0        0x6 contiki-sky.a(chameleon.o)
                0x0000000000004da0                chameleon_hdrsize
 .text.channel_init
                0x0000000000004da6        0xa contiki-sky.a(channel.o)
                0x0000000000004da6                channel_init
 .text.channel_open
                0x0000000000004db0       0x10 contiki-sky.a(channel.o)
                0x0000000000004db0                channel_open
 .text.channel_close
                0x0000000000004dc0        0xc contiki-sky.a(channel.o)
                0x0000000000004dc0                channel_close
 .text.channel_lookup
                0x0000000000004dcc       0x20 contiki-sky.a(channel.o)
                0x0000000000004dcc                channel_lookup
 .text.channel_set_attributes
                0x0000000000004dec       0x24 contiki-sky.a(channel.o)
                0x0000000000004dec                channel_set_attributes
 .text.header_size
                0x0000000000004e10       0x16 contiki-sky.a(chameleon-bitop)
 .text.get_bits_in_byte
                0x0000000000004e26       0x3a contiki-sky.a(chameleon-bitop)
                0x0000000000004e26                get_bits_in_byte
 .text.get_bits
                0x0000000000004e60       0xa4 contiki-sky.a(chameleon-bitop)
                0x0000000000004e60                get_bits
 .text.unpack_header
                0x0000000000004f04       0xd6 contiki-sky.a(chameleon-bitop)
 .text.set_bits_in_byte
                0x0000000000004fda       0x2c contiki-sky.a(chameleon-bitop)
                0x0000000000004fda                set_bits_in_byte
 .text.set_bits
                0x0000000000005006       0xd2 contiki-sky.a(chameleon-bitop)
                0x0000000000005006                set_bits
 .text.pack_header
                0x00000000000050d8       0xbc contiki-sky.a(chameleon-bitop)
 .text.input_packet
                0x0000000000005194        0x6 contiki-sky.a(csma.o)
 .text.on       0x000000000000519a        0x6 contiki-sky.a(csma.o)
 .text.off      0x00000000000051a0        0x6 contiki-sky.a(csma.o)
 .text.channel_check_interval
                0x00000000000051a6       0x10 contiki-sky.a(csma.o)
 .text.transmit_packet_list
                0x00000000000051b6       0x24 contiki-sky.a(csma.o)
 .text.send_packet
                0x00000000000051da      0x162 contiki-sky.a(csma.o)
 .text.init     0x000000000000533c       0x1a contiki-sky.a(csma.o)
 .text.free_packet
                0x0000000000005356       0x98 contiki-sky.a(csma.o)
 .text.packet_sent
                0x00000000000053ee      0x12e contiki-sky.a(csma.o)
 .text.duty_cycle
                0x000000000000551c        0x6 contiki-sky.a(contikimac.o)
 .text.init     0x0000000000005522       0x2e contiki-sky.a(contikimac.o)
 .text.on       0x0000000000005550       0x1a contiki-sky.a(contikimac.o)
 .text.off      0x000000000000556a       0x22 contiki-sky.a(contikimac.o)
 .text.recv_burst_off
                0x000000000000558c        0xa contiki-sky.a(contikimac.o)
 .text.turn_off
                0x0000000000005596       0x20 contiki-sky.a(contikimac.o)
 .text.turn_on  0x00000000000055b6       0x30 contiki-sky.a(contikimac.o)
 .text.schedule_powercycle_fixed.part.4
                0x00000000000055e6       0x36 contiki-sky.a(contikimac.o)
 .text.powercycle_turn_radio_off
                0x000000000000561c       0x30 contiki-sky.a(contikimac.o)
 .text.powercycle
                0x000000000000564c      0x1da contiki-sky.a(contikimac.o)
 .text.input_packet
                0x0000000000005826      0x128 contiki-sky.a(contikimac.o)
 .text.send_packet
                0x000000000000594e      0x2c4 contiki-sky.a(contikimac.o)
 .text.qsend_packet
                0x0000000000005c12       0x28 contiki-sky.a(contikimac.o)
 .text.qsend_list
                0x0000000000005c3a       0x84 contiki-sky.a(contikimac.o)
 .text.send_packet
                0x0000000000005cbe       0x44 contiki-sky.a(phase.o)
 .text.phase_update
                0x0000000000005d02       0x90 contiki-sky.a(phase.o)
                0x0000000000005d02                phase_update
 .text.phase_wait
                0x0000000000005d92       0xf6 contiki-sky.a(phase.o)
                0x0000000000005d92                phase_wait
 .text.phase_init
                0x0000000000005e88       0x14 contiki-sky.a(phase.o)
                0x0000000000005e88                phase_init
 .text.call_process
                0x0000000000005e9c       0x4a contiki-sky.a(process.o)
 .text.exit_process
                0x0000000000005ee6       0x96 contiki-sky.a(process.o)
 .text.do_poll  0x0000000000005f7c       0x30 contiki-sky.a(process.o)
 .text.process_alloc_event
                0x0000000000005fac        0xe contiki-sky.a(process.o)
                0x0000000000005fac                process_alloc_event
 .text.process_init
                0x0000000000005fba       0x1c contiki-sky.a(process.o)
                0x0000000000005fba                process_init
 .text.process_run
                0x0000000000005fd6       0xa2 contiki-sky.a(process.o)
                0x0000000000005fd6                process_run
 .text.process_nevents
                0x0000000000006078        0xe contiki-sky.a(process.o)
                0x0000000000006078                process_nevents
 .text.process_post
                0x0000000000006086       0x54 contiki-sky.a(process.o)
                0x0000000000006086                process_post
 .text.process_post_synch
                0x00000000000060da       0x12 contiki-sky.a(process.o)
                0x00000000000060da                process_post_synch
 .text.process_start
                0x00000000000060ec       0x32 contiki-sky.a(process.o)
                0x00000000000060ec                process_start
 .text.process_poll
                0x000000000000611e       0x18 contiki-sky.a(process.o)
                0x000000000000611e                process_poll
 .text.autostart_start
                0x0000000000006136       0x16 contiki-sky.a(autostart.o)
                0x0000000000006136                autostart_start
 .text.compower_accumulate
                0x000000000000614c       0x72 contiki-sky.a(compower.o)
                0x000000000000614c                compower_accumulate
 .text.compower_clear
                0x00000000000061be       0x12 contiki-sky.a(compower.o)
                0x00000000000061be                compower_clear
 .text.compower_attrconv
                0x00000000000061d0       0x10 contiki-sky.a(compower.o)
                0x00000000000061d0                compower_attrconv
 .text.process_thread_serial_line_process
                0x00000000000061e0       0x9c contiki-sky.a(serial-line.o)
 .text.serial_line_input_byte
                0x000000000000627c       0x4a contiki-sky.a(serial-line.o)
                0x000000000000627c                serial_line_input_byte
 .text.serial_line_init
                0x00000000000062c6       0x1c contiki-sky.a(serial-line.o)
                0x00000000000062c6                serial_line_init
 .text.memb_init
                0x00000000000062e2       0x36 contiki-sky.a(memb.o)
                0x00000000000062e2                memb_init
 .text.memb_alloc
                0x0000000000006318       0x3e contiki-sky.a(memb.o)
                0x0000000000006318                memb_alloc
 .text.memb_free
                0x0000000000006356       0x3a contiki-sky.a(memb.o)
                0x0000000000006356                memb_free
 .text.memb_inmemb
                0x0000000000006390       0x2e contiki-sky.a(memb.o)
                0x0000000000006390                memb_inmemb
 .text.timer_set
                0x00000000000063be       0x1c contiki-sky.a(timer.o)
                0x00000000000063be                timer_set
 .text.timer_reset
                0x00000000000063da        0xe contiki-sky.a(timer.o)
                0x00000000000063da                timer_reset
 .text.timer_expired
                0x00000000000063e8       0x2a contiki-sky.a(timer.o)
                0x00000000000063e8                timer_expired
 .text.list_init
                0x0000000000006412        0x6 contiki-sky.a(list.o)
                0x0000000000006412                list_init
 .text.list_head
                0x0000000000006418        0x4 contiki-sky.a(list.o)
                0x0000000000006418                list_head
 .text.list_tail
                0x000000000000641c       0x12 contiki-sky.a(list.o)
                0x000000000000641c                list_tail
 .text.list_chop
                0x000000000000642e       0x24 contiki-sky.a(list.o)
                0x000000000000642e                list_chop
 .text.list_remove
                0x0000000000006452       0x34 contiki-sky.a(list.o)
                0x0000000000006452                list_remove
 .text.list_push
                0x0000000000006486       0x1a contiki-sky.a(list.o)
                0x0000000000006486                list_push
 .text.list_add
                0x00000000000064a0       0x2a contiki-sky.a(list.o)
                0x00000000000064a0                list_add
 .text.list_length
                0x00000000000064ca       0x10 contiki-sky.a(list.o)
                0x00000000000064ca                list_length
 .text.list_item_next
                0x00000000000064da        0xc contiki-sky.a(list.o)
                0x00000000000064da                list_item_next
 .text.update_time
                0x00000000000064e6       0x78 contiki-sky.a(etimer.o)
 .text.etimer_request_poll
                0x000000000000655e        0xa contiki-sky.a(etimer.o)
                0x000000000000655e                etimer_request_poll
 .text.process_thread_etimer_process
                0x0000000000006568       0xc8 contiki-sky.a(etimer.o)
 .text.add_timer
                0x0000000000006630       0x40 contiki-sky.a(etimer.o)
 .text.etimer_set
                0x0000000000006670       0x12 contiki-sky.a(etimer.o)
                0x0000000000006670                etimer_set
 .text.etimer_reset
                0x0000000000006682       0x12 contiki-sky.a(etimer.o)
                0x0000000000006682                etimer_reset
 .text.etimer_pending
                0x0000000000006694        0xc contiki-sky.a(etimer.o)
                0x0000000000006694                etimer_pending
 .text.etimer_next_expiration_time
                0x00000000000066a0       0x16 contiki-sky.a(etimer.o)
                0x00000000000066a0                etimer_next_expiration_time
 .text.etimer_stop
                0x00000000000066b6       0x3c contiki-sky.a(etimer.o)
                0x00000000000066b6                etimer_stop
 .text.process_thread_ctimer_process
                0x00000000000066f2       0xa4 contiki-sky.a(ctimer.o)
 .text.ctimer_init
                0x0000000000006796       0x18 contiki-sky.a(ctimer.o)
                0x0000000000006796                ctimer_init
 .text.ctimer_set
                0x00000000000067ae       0x5a contiki-sky.a(ctimer.o)
                0x00000000000067ae                ctimer_set
 .text.ctimer_reset
                0x0000000000006808       0x3a contiki-sky.a(ctimer.o)
                0x0000000000006808                ctimer_reset
 .text.ctimer_stop
                0x0000000000006842       0x28 contiki-sky.a(ctimer.o)
                0x0000000000006842                ctimer_stop
 .text.energest_init
                0x000000000000686a       0x28 contiki-sky.a(energest.o)
                0x000000000000686a                energest_init
 .text.energest_type_time
                0x0000000000006892       0x46 contiki-sky.a(energest.o)
                0x0000000000006892                energest_type_time
 .text.energest_type_set
                0x00000000000068d8        0xe contiki-sky.a(energest.o)
                0x00000000000068d8                energest_type_set
 .text.energest_flush
                0x00000000000068e6       0x48 contiki-sky.a(energest.o)
                0x00000000000068e6                energest_flush
 .text.rtimer_init
                0x000000000000692e        0x6 contiki-sky.a(rtimer.o)
                0x000000000000692e                rtimer_init
 .text.rtimer_set
                0x0000000000006934       0x24 contiki-sky.a(rtimer.o)
                0x0000000000006934                rtimer_set
 .text.rtimer_run_next
                0x0000000000006958       0x26 contiki-sky.a(rtimer.o)
                0x0000000000006958                rtimer_run_next
 .text.random_init
                0x000000000000697e        0x6 contiki-sky.a(random.o)
                0x000000000000697e                random_init
 .text.random_rand
                0x0000000000006984        0x6 contiki-sky.a(random.o)
                0x0000000000006984                random_rand
 .text.ringbuf_init
                0x000000000000698a       0x14 contiki-sky.a(ringbuf.o)
                0x000000000000698a                ringbuf_init
 .text.ringbuf_put
                0x000000000000699e       0x38 contiki-sky.a(ringbuf.o)
                0x000000000000699e                ringbuf_put
 .text.ringbuf_get
                0x00000000000069d6       0x32 contiki-sky.a(ringbuf.o)
                0x00000000000069d6                ringbuf_get
 .text.index_from_key
                0x0000000000006a08       0x40 contiki-sky.a(nbr-table.o)
 .text.item_from_key
                0x0000000000006a48       0x34 contiki-sky.a(nbr-table.o)
 .text.nbr_set_bit
                0x0000000000006a7c       0x8e contiki-sky.a(nbr-table.o)
 .text.index_from_lladdr
                0x0000000000006b0a       0x42 contiki-sky.a(nbr-table.o)
 .text.nbr_get_bit.constprop.0
                0x0000000000006b4c       0x62 contiki-sky.a(nbr-table.o)
 .text.nbr_table_register
                0x0000000000006bae       0x28 contiki-sky.a(nbr-table.o)
                0x0000000000006bae                nbr_table_register
 .text.nbr_table_add_lladdr
                0x0000000000006bd6      0x144 contiki-sky.a(nbr-table.o)
                0x0000000000006bd6                nbr_table_add_lladdr
 .text.nbr_table_get_from_lladdr
                0x0000000000006d1a       0x48 contiki-sky.a(nbr-table.o)
                0x0000000000006d1a                nbr_table_get_from_lladdr
 .text.nbr_table_remove
                0x0000000000006d62       0x32 contiki-sky.a(nbr-table.o)
                0x0000000000006d62                nbr_table_remove
 .text.packetbuf_copyto_hdr
                0x0000000000006d94       0x1c contiki-sky.a(packetbuf.o)
                0x0000000000006d94                packetbuf_copyto_hdr
 .text.packetbuf_copyto
                0x0000000000006db0       0x52 contiki-sky.a(packetbuf.o)
                0x0000000000006db0                packetbuf_copyto
 .text.packetbuf_hdr_remove
                0x0000000000006e02        0x6 contiki-sky.a(packetbuf.o)
                0x0000000000006e02                packetbuf_hdr_remove
 .text.packetbuf_hdrreduce
                0x0000000000006e08       0x1a contiki-sky.a(packetbuf.o)
                0x0000000000006e08                packetbuf_hdrreduce
 .text.packetbuf_set_datalen
                0x0000000000006e22        0x6 contiki-sky.a(packetbuf.o)
                0x0000000000006e22                packetbuf_set_datalen
 .text.packetbuf_dataptr
                0x0000000000006e28        0xe contiki-sky.a(packetbuf.o)
                0x0000000000006e28                packetbuf_dataptr
 .text.packetbuf_hdrptr
                0x0000000000006e36        0xa contiki-sky.a(packetbuf.o)
                0x0000000000006e36                packetbuf_hdrptr
 .text.packetbuf_is_reference
                0x0000000000006e40        0xe contiki-sky.a(packetbuf.o)
                0x0000000000006e40                packetbuf_is_reference
 .text.packetbuf_compact
                0x0000000000006e4e       0x48 contiki-sky.a(packetbuf.o)
                0x0000000000006e4e                packetbuf_compact
 .text.packetbuf_reference_ptr
                0x0000000000006e96        0x6 contiki-sky.a(packetbuf.o)
                0x0000000000006e96                packetbuf_reference_ptr
 .text.packetbuf_datalen
                0x0000000000006e9c        0x6 contiki-sky.a(packetbuf.o)
                0x0000000000006e9c                packetbuf_datalen
 .text.packetbuf_totlen
                0x0000000000006ea2       0x10 contiki-sky.a(packetbuf.o)
                0x0000000000006ea2                packetbuf_totlen
 .text.packetbuf_hdralloc
                0x0000000000006eb2       0x2e contiki-sky.a(packetbuf.o)
                0x0000000000006eb2                packetbuf_hdralloc
 .text.packetbuf_attr_clear
                0x0000000000006ee0       0x2c contiki-sky.a(packetbuf.o)
                0x0000000000006ee0                packetbuf_attr_clear
 .text.packetbuf_clear
                0x0000000000006f0c       0x1a contiki-sky.a(packetbuf.o)
                0x0000000000006f0c                packetbuf_clear
 .text.packetbuf_copyfrom
                0x0000000000006f26       0x2e contiki-sky.a(packetbuf.o)
                0x0000000000006f26                packetbuf_copyfrom
 .text.packetbuf_attr_copyto
                0x0000000000006f54       0x20 contiki-sky.a(packetbuf.o)
                0x0000000000006f54                packetbuf_attr_copyto
 .text.packetbuf_attr_copyfrom
                0x0000000000006f74       0x22 contiki-sky.a(packetbuf.o)
                0x0000000000006f74                packetbuf_attr_copyfrom
 .text.queuebuf_init
                0x0000000000006f96       0x1a contiki-sky.a(queuebuf.o)
                0x0000000000006f96                queuebuf_init
 .text.queuebuf_new_from_packetbuf
                0x0000000000006fb0       0x7e contiki-sky.a(queuebuf.o)
                0x0000000000006fb0                queuebuf_new_from_packetbuf
 .text.queuebuf_update_attr_from_packetbuf
                0x000000000000702e       0x12 contiki-sky.a(queuebuf.o)
                0x000000000000702e                queuebuf_update_attr_from_packetbuf
 .text.queuebuf_free
                0x0000000000007040       0x40 contiki-sky.a(queuebuf.o)
                0x0000000000007040                queuebuf_free
 .text.queuebuf_to_packetbuf
                0x0000000000007080       0x6e contiki-sky.a(queuebuf.o)
                0x0000000000007080                queuebuf_to_packetbuf
 .text.queuebuf_dataptr
                0x00000000000070ee       0x32 contiki-sky.a(queuebuf.o)
                0x00000000000070ee                queuebuf_dataptr
 .text.queuebuf_datalen
                0x0000000000007120        0x6 contiki-sky.a(queuebuf.o)
                0x0000000000007120                queuebuf_datalen
 .text.queuebuf_attr
                0x0000000000007126        0xe contiki-sky.a(queuebuf.o)
                0x0000000000007126                queuebuf_attr
 .text.init_platform
                0x0000000000007134        0xc contiki-sky.a(contiki-sky-pla)
                0x0000000000007134                init_platform
 .text.status   0x0000000000007140       0x16 contiki-sky.a(button-sensor.o)
 .text.configure
                0x0000000000007156       0x52 contiki-sky.a(button-sensor.o)
 .text.value    0x00000000000071a8       0x22 contiki-sky.a(button-sensor.o)
 .text.irq_p2   0x00000000000071ca       0x8a contiki-sky.a(button-sensor.o)
                0x00000000000071ca                irq_p2
                0x00000000000071ca                __isr_1
 .text.owreadb  0x0000000000007254       0x52 contiki-sky.a(ds2411.o)
 .text.ds2411_init
                0x00000000000072a6      0x122 contiki-sky.a(ds2411.o)
                0x00000000000072a6                ds2411_init
 .text.wait_ready
                0x00000000000073c8       0x50 contiki-sky.a(xmem.o)
 .text.xmem_init
                0x0000000000007418       0x3e contiki-sky.a(xmem.o)
                0x0000000000007418                xmem_init
 .text.xmem_pread
                0x0000000000007456       0xea contiki-sky.a(xmem.o)
                0x0000000000007456                xmem_pread
 .text.node_id_restore
                0x0000000000007540       0x38 contiki-sky.a(node-id.o)
                0x0000000000007540                node_id_restore
 .text.process_thread_sensors_process
                0x0000000000007578       0xbe contiki-sky.a(sensors.o)
 .text.sensors_changed
                0x0000000000007636       0x2a contiki-sky.a(sensors.o)
                0x0000000000007636                sensors_changed
 .text.strobe   0x0000000000007660       0x20 contiki-sky.a(cc2420.o)
 .text.status   0x0000000000007680       0x26 contiki-sky.a(cc2420.o)
 .text.getreg   0x00000000000076a6       0x54 contiki-sky.a(cc2420.o)
 .text.setreg   0x00000000000076fa       0x52 contiki-sky.a(cc2420.o)
 .text.set_txpower
                0x000000000000774c       0x26 contiki-sky.a(cc2420.o)
 .text.cc2420_receiving_packet
                0x0000000000007772        0xe contiki-sky.a(cc2420.o)
 .text.pending_packet
                0x0000000000007780        0x8 contiki-sky.a(cc2420.o)
 .text.on       0x0000000000007788       0x40 contiki-sky.a(cc2420.o)
 .text.flushrx  0x00000000000077c8       0x7a contiki-sky.a(cc2420.o)
 .text.off      0x0000000000007842       0x72 contiki-sky.a(cc2420.o)
 .text.RELEASE_LOCK
                0x00000000000078b4       0x28 contiki-sky.a(cc2420.o)
 .text.cc2420_prepare
                0x00000000000078dc       0x8a contiki-sky.a(cc2420.o)
 .text.getrxdata
                0x0000000000007966       0x56 contiki-sky.a(cc2420.o)
 .text.cc2420_on
                0x00000000000079bc       0x22 contiki-sky.a(cc2420.o)
                0x00000000000079bc                cc2420_on
 .text.cc2420_off
                0x00000000000079de       0x30 contiki-sky.a(cc2420.o)
                0x00000000000079de                cc2420_off
 .text.cc2420_cca
                0x0000000000007a0e       0x74 contiki-sky.a(cc2420.o)
 .text.cc2420_read
                0x0000000000007a82       0xe6 contiki-sky.a(cc2420.o)
 .text.process_thread_cc2420_process
                0x0000000000007b68       0x50 contiki-sky.a(cc2420.o)
 .text.cc2420_set_channel
                0x0000000000007bb8       0x78 contiki-sky.a(cc2420.o)
                0x0000000000007bb8                cc2420_set_channel
 .text.cc2420_set_pan_addr
                0x0000000000007c30      0x14a contiki-sky.a(cc2420.o)
                0x0000000000007c30                cc2420_set_pan_addr
 .text.cc2420_init
                0x0000000000007d7a       0xd0 contiki-sky.a(cc2420.o)
                0x0000000000007d7a                cc2420_init
 .text.cc2420_interrupt
                0x0000000000007e4a       0x20 contiki-sky.a(cc2420.o)
                0x0000000000007e4a                cc2420_interrupt
 .text.cc2420_get_txpower
                0x0000000000007e6a       0x1e contiki-sky.a(cc2420.o)
                0x0000000000007e6a                cc2420_get_txpower
 .text.cc2420_transmit
                0x0000000000007e88      0x1a0 contiki-sky.a(cc2420.o)
 .text.cc2420_send
                0x0000000000008028       0x12 contiki-sky.a(cc2420.o)
 .text.cc2420_port1_interrupt
                0x000000000000803a       0x62 contiki-sky.a(cc2420-arch.o)
                0x000000000000803a                __isr_4
                0x000000000000803a                cc2420_port1_interrupt
 .text.cc2420_arch_init
                0x000000000000809c       0x1a contiki-sky.a(cc2420-arch.o)
                0x000000000000809c                cc2420_arch_init
 .text.handle_rxdma_timer
                0x00000000000080b6       0x3a contiki-sky.a(uart1.o)
 .text.uart1_active
                0x00000000000080f0       0x1a contiki-sky.a(uart1.o)
                0x00000000000080f0                uart1_active
 .text.uart1_set_input
                0x000000000000810a       0x20 contiki-sky.a(uart1.o)
                0x000000000000810a                uart1_set_input
 .text.uart1_writeb
                0x000000000000812a       0x1a contiki-sky.a(uart1.o)
                0x000000000000812a                uart1_writeb
 .text.uart1_init
                0x0000000000008144       0xf6 contiki-sky.a(uart1.o)
                0x0000000000008144                uart1_init
 .text.putchar  0x000000000000823a       0x10 contiki-sky.a(uart1-putchar.o)
                0x000000000000823a                putchar
 .text.msp430_init_dco
                0x000000000000824a       0x84 contiki-sky.a(msp430.o)
                0x000000000000824a                msp430_init_dco
 .text.msp430_add_lpm_req
                0x00000000000082ce        0xc contiki-sky.a(msp430.o)
                0x00000000000082ce                msp430_add_lpm_req
 .text.msp430_cpu_init
                0x00000000000082da       0x2a contiki-sky.a(msp430.o)
                0x00000000000082da                msp430_cpu_init
 .text.splhigh_
                0x0000000000008304        0x8 contiki-sky.a(msp430.o)
                0x0000000000008304                splhigh_
 .text.msp430_sync_dco
                0x000000000000830c       0x68 contiki-sky.a(msp430.o)
                0x000000000000830c                msp430_sync_dco
 .text.timera1  0x0000000000008374       0xfe contiki-sky.a(clock.o)
                0x0000000000008374                __isr_5
                0x0000000000008374                timera1
 .text.clock_time
                0x0000000000008472       0x1a contiki-sky.a(clock.o)
                0x0000000000008472                clock_time
 .text.clock_init
                0x000000000000848c       0x28 contiki-sky.a(clock.o)
                0x000000000000848c                clock_init
 .text.clock_delay
                0x00000000000084b4        0xc contiki-sky.a(clock.o)
                0x00000000000084b4                clock_delay
 .text.show_leds
                0x00000000000084c0      0x100 contiki-sky.a(leds.o)
 .text.leds_init
                0x00000000000085c0        0xe contiki-sky.a(leds.o)
                0x00000000000085c0                leds_init
 .text.leds_on  0x00000000000085ce       0x14 contiki-sky.a(leds.o)
                0x00000000000085ce                leds_on
 .text.leds_off
                0x00000000000085e2       0x14 contiki-sky.a(leds.o)
                0x00000000000085e2                leds_off
 .text.leds_arch_init
                0x00000000000085f6        0xe contiki-sky.a(leds-arch.o)
                0x00000000000085f6                leds_arch_init
 .text.leds_arch_set
                0x0000000000008604       0x3a contiki-sky.a(leds-arch.o)
                0x0000000000008604                leds_arch_set
 .text.watchdog_interrupt
                0x000000000000863e        0x6 contiki-sky.a(watchdog.o)
                0x000000000000863e                __isr_10
                0x000000000000863e                watchdog_interrupt
 .text.watchdog_start
                0x0000000000008644       0x14 contiki-sky.a(watchdog.o)
                0x0000000000008644                watchdog_start
 .text.watchdog_periodic
                0x0000000000008658       0x12 contiki-sky.a(watchdog.o)
                0x0000000000008658                watchdog_periodic
 .text.watchdog_stop
                0x000000000000866a       0x16 contiki-sky.a(watchdog.o)
                0x000000000000866a                watchdog_stop
 .text.watchdog_init
                0x0000000000008680       0x14 contiki-sky.a(watchdog.o)
                0x0000000000008680                watchdog_init
 .text.rtimer_arch_init
                0x0000000000008694        0xe contiki-sky.a(rtimer-arch.o)
                0x0000000000008694                rtimer_arch_init
 .text.rtimer_arch_now
                0x00000000000086a2        0xe contiki-sky.a(rtimer-arch.o)
                0x00000000000086a2                rtimer_arch_now
 .text.timera0  0x00000000000086b0       0x70 contiki-sky.a(rtimer-arch.o)
                0x00000000000086b0                __isr_6
                0x00000000000086b0                timera0
 .text.rtimer_arch_schedule
                0x0000000000008720        0x6 contiki-sky.a(rtimer-arch.o)
                0x0000000000008720                rtimer_arch_schedule
 .text.sent_by_broadcast
                0x0000000000008726       0x10 contiki-sky.a(unicast.o)
 .text.recv_from_broadcast
                0x0000000000008736       0x2e contiki-sky.a(unicast.o)
 .text.unicast_open
                0x0000000000008764       0x2a contiki-sky.a(unicast.o)
                0x0000000000008764                unicast_open
 .text.unicast_close
                0x000000000000878e        0x6 contiki-sky.a(unicast.o)
                0x000000000000878e                unicast_close
 .text.unicast_send
                0x0000000000008794       0x16 contiki-sky.a(unicast.o)
                0x0000000000008794                unicast_send
 .text.sent     0x00000000000087aa       0x10 contiki-sky.a(netflood.o)
 .text.dropped  0x00000000000087ba       0x10 contiki-sky.a(netflood.o)
 .text.recv_from_ipolite
                0x00000000000087ca       0xf2 contiki-sky.a(netflood.o)
 .text.netflood_open
                0x00000000000088bc       0x2e contiki-sky.a(netflood.o)
                0x00000000000088bc                netflood_open
 .text.netflood_close
                0x00000000000088ea        0x6 contiki-sky.a(netflood.o)
                0x00000000000088ea                netflood_close
 .text.netflood_send
                0x00000000000088f0       0x62 contiki-sky.a(netflood.o)
                0x00000000000088f0                netflood_send
 .text.data_packet_received
                0x0000000000008952       0x8c contiki-sky.a(multihop.o)
                0x0000000000008952                data_packet_received
 .text.multihop_open
                0x00000000000089de       0x2a contiki-sky.a(multihop.o)
                0x00000000000089de                multihop_open
 .text.multihop_close
                0x0000000000008a08        0x6 contiki-sky.a(multihop.o)
                0x0000000000008a08                multihop_close
 .text.multihop_send
                0x0000000000008a0e       0x62 contiki-sky.a(multihop.o)
                0x0000000000008a0e                multihop_send
 .text.multihop_resend
                0x0000000000008a70        0x6 contiki-sky.a(multihop.o)
                0x0000000000008a70                multihop_resend
 .text.mac_call_sent_callback
                0x0000000000008a76       0x14 contiki-sky.a(mac.o)
                0x0000000000008a76                mac_call_sent_callback
 .text.parse    0x0000000000008a8a       0xaa contiki-sky.a(framer-802154.o)
 .text.create   0x0000000000008b34      0x10a contiki-sky.a(framer-802154.o)
 .text.spi_init
                0x0000000000008c3e       0x32 contiki-sky.a(spi.o)
                0x0000000000008c3e                spi_init
 .text.sent     0x0000000000008c70        0x2 contiki-sky.a(ipolite.o)
 .text.recv     0x0000000000008c72       0xa6 contiki-sky.a(ipolite.o)
 .text.send     0x0000000000008d18       0x36 contiki-sky.a(ipolite.o)
 .text.ipolite_open
                0x0000000000008d4e       0x24 contiki-sky.a(ipolite.o)
                0x0000000000008d4e                ipolite_open
 .text.ipolite_close
                0x0000000000008d72       0x26 contiki-sky.a(ipolite.o)
                0x0000000000008d72                ipolite_close
 .text.ipolite_send
                0x0000000000008d98       0x9c contiki-sky.a(ipolite.o)
                0x0000000000008d98                ipolite_send
 .text.field_len
                0x0000000000008e34       0x98 contiki-sky.a(frame802154.o)
 .text.frame802154_hdrlen
                0x0000000000008ecc       0x2e contiki-sky.a(frame802154.o)
                0x0000000000008ecc                frame802154_hdrlen
 .text.frame802154_create
                0x0000000000008efa      0x172 contiki-sky.a(frame802154.o)
                0x0000000000008efa                frame802154_create
 .text.frame802154_parse
                0x000000000000906c      0x1e8 contiki-sky.a(frame802154.o)
                0x000000000000906c                frame802154_parse
 .text.libgcc   0x0000000000009254       0x2c /usr/bin/../lib/gcc/msp430/4.6.3/mmpy-16/libgcc.a(_mulsi3.o)
                0x0000000000009254                __mulsi3
 .text.libgcc   0x0000000000009280       0x22 /usr/bin/../lib/gcc/msp430/4.6.3/mmpy-16/libgcc.a(_udivmod16.o)
                0x0000000000009280                __udivhi3
                0x0000000000009280                __ext_udivmod16
                0x000000000000929a                __umodhi3
 .text.libgcc   0x00000000000092a2       0x3a /usr/bin/../lib/gcc/msp430/4.6.3/mmpy-16/libgcc.a(_divmod16.o)
                0x00000000000092a2                __ext_divmod16
                0x00000000000092a2                __divhi3
                0x00000000000092d4                __modhi3
 .text.libgcc   0x00000000000092dc       0x40 /usr/bin/../lib/gcc/msp430/4.6.3/mmpy-16/libgcc.a(_udivmod32.o)
                0x00000000000092dc                __udivsi3
                0x00000000000092dc                __ext_udivmod32
                0x0000000000009312                __umodsi3
 .text          0x000000000000931c       0x20 /usr/bin/../lib/gcc/msp430/4.6.3/../../../../msp430/lib/mmpy-16/libc.a(memcmp.o)
                0x000000000000931c                memcmp
 .text          0x000000000000933c       0xfa /usr/bin/../lib/gcc/msp430/4.6.3/../../../../msp430/lib/mmpy-16/libc.a(memcpy.o)
                0x000000000000933c                memcpy
 .text          0x0000000000009436       0x6a /usr/bin/../lib/gcc/msp430/4.6.3/../../../../msp430/lib/mmpy-16/libc.a(memset.o)
                0x0000000000009436                memset
 .text          0x00000000000094a0       0x1e /usr/bin/../lib/gcc/msp430/4.6.3/../../../../msp430/lib/mmpy-16/libc.a(printf.o)
                0x00000000000094a0                printf
                0x00000000000094b0                vprintf
 .text          0x00000000000094be      0x836 /usr/bin/../lib/gcc/msp430/4.6.3/../../../../msp430/lib/mmpy-16/libc.a(vuprintf.o)
                0x0000000000009656                vuprintf
 .text          0x0000000000009cf4       0x2c /usr/bin/../lib/gcc/msp430/4.6.3/../../../../msp430/lib/mmpy-16/libc.a(puts.o)
                0x0000000000009cf4                puts
 .text          0x0000000000009d20       0x54 /usr/bin/../lib/gcc/msp430/4.6.3/../../../../msp430/lib/mmpy-16/libc.a(rand.o)
                0x0000000000009d20                rand_r
                0x0000000000009d44                rand
                0x0000000000009d6a                srand
 .text.libgcc   0x0000000000009d74       0xf0 /usr/bin/../lib/gcc/msp430/4.6.3/mmpy-16/libgcc.a(_udivmod64.o)
                0x0000000000009d74                __xabi_udivmod64
                0x0000000000009dd2                __udivdi3
                0x0000000000009df8                __umoddi3
                0x0000000000009e26                __udivmoddi4
 .text.crt0     0x0000000000009e64        0x2 /usr/bin/../lib/gcc/msp430/4.6.3/mmpy-16/libcrt0.a(_unexpected_.o)
                0x0000000000009e64                _unexpected_
                0x0000000000009e66                . = ALIGN (0x2)

.rodata         0x0000000000009e66      0x246
                0x0000000000009e66                . = ALIGN (0x2)
 *(.rodata .rodata.* .gnu.linkonce.r.*)
 .rodata        0x0000000000009e66       0x6e example-mesh.co
                0x0000000000009ebc                autostart_processes
 .rodata        0x0000000000009ed4       0xd4 obj_sky/contiki-sky-main.o
 .rodata        0x0000000000009fa8        0x2 contiki-sky.a(rimeaddr.o)
                0x0000000000009fa8                rimeaddr_null
 .rodata        0x0000000000009faa        0xc contiki-sky.a(rime.o)
                0x0000000000009fb0                rime_driver
 .rodata        0x0000000000009fb6        0x4 contiki-sky.a(broadcast-annou)
 .rodata        0x0000000000009fba        0x8 contiki-sky.a(broadcast.o)
 .rodata        0x0000000000009fc2        0x2 contiki-sky.a(abc.o)
 .rodata        0x0000000000009fc4        0x8 contiki-sky.a(mesh.o)
 .rodata        0x0000000000009fcc        0xa contiki-sky.a(route-discovery)
 .rodata        0x0000000000009fd6       0x10 contiki-sky.a(chameleon-bitop)
                0x0000000000009fd6                chameleon_bitopt
 .rodata        0x0000000000009fe6       0x14 contiki-sky.a(csma.o)
                0x0000000000009fec                csma_driver
 .rodata        0x0000000000009ffa       0x1c contiki-sky.a(contikimac.o)
                0x000000000000a006                contikimac_driver
 .rodata        0x000000000000a016        0xe contiki-sky.a(serial-line.o)
 .rodata        0x000000000000a024        0xc contiki-sky.a(etimer.o)
 .rodata        0x000000000000a030        0xf contiki-sky.a(ctimer.o)
 *fill*         0x000000000000a03f        0x1 00
 .rodata        0x000000000000a040       0x10 contiki-sky.a(button-sensor.o)
                0x000000000000a048                button_sensor
 .rodata        0x000000000000a050        0x8 contiki-sky.a(sensors.o)
 .rodata        0x000000000000a058       0x22 contiki-sky.a(cc2420.o)
                0x000000000000a058                cc2420_driver
 .rodata        0x000000000000a07a        0xa contiki-sky.a(unicast.o)
 .rodata        0x000000000000a084        0x6 contiki-sky.a(netflood.o)
 .rodata        0x000000000000a08a       0x10 contiki-sky.a(multihop.o)
 .rodata        0x000000000000a09a        0x4 contiki-sky.a(framer-802154.o)
                0x000000000000a09a                framer_802154
 .rodata        0x000000000000a09e        0x4 contiki-sky.a(ipolite.o)
 .rodata        0x000000000000a0a2        0x2 contiki-sky.a(frame802154.o)
 .rodata        0x000000000000a0a4        0x7 /usr/bin/../lib/gcc/msp430/4.6.3/../../../../msp430/lib/mmpy-16/libc.a(vuprintf.o)
                0x000000000000a0ac                . = ALIGN (0x2)
 *fill*         0x000000000000a0ab        0x1 00
                0x000000000000a0ac                _etext = .

.data           0x0000000000001100       0x98 load address 0x000000000000a0ac
                0x0000000000001100                . = ALIGN (0x2)
                0x0000000000001100                PROVIDE (__data_start, .)
 *(.data .data.* .gnu.linkonce.d.*)
 .data          0x0000000000001100        0xa example-mesh.co
                0x0000000000001100                example_mesh_process
 .data          0x000000000000110a        0xa contiki-sky.a(route.o)
 .data          0x0000000000001114       0x18 contiki-sky.a(csma.o)
 .data          0x000000000000112c       0x10 contiki-sky.a(phase.o)
 .data          0x000000000000113c        0xa contiki-sky.a(serial-line.o)
                0x000000000000113c                serial_line_process
 .data          0x0000000000001146        0xa contiki-sky.a(etimer.o)
                0x0000000000001146                etimer_process
 .data          0x0000000000001150        0xa contiki-sky.a(ctimer.o)
                0x0000000000001150                ctimer_process
 .data          0x000000000000115a        0x8 contiki-sky.a(nbr-table.o)
 .data          0x0000000000001162       0x18 contiki-sky.a(queuebuf.o)
 .data          0x000000000000117a        0x4 contiki-sky.a(contiki-sky-pla)
                0x000000000000117a                sensors
 .data          0x000000000000117e        0xa contiki-sky.a(sensors.o)
                0x000000000000117e                sensors_process
 .data          0x0000000000001188        0xa contiki-sky.a(cc2420.o)
                0x0000000000001188                cc2420_process
 .data          0x0000000000001192        0x2 contiki-sky.a(msp430.o)
 .data          0x0000000000001194        0x4 /usr/bin/../lib/gcc/msp430/4.6.3/../../../../msp430/lib/mmpy-16/libc.a(rand.o)
                0x0000000000001198                . = ALIGN (0x2)
                0x0000000000001198                _edata = .
                0x000000000000a0ac                PROVIDE (__data_load_start, LOADADDR (.data))
                0x0000000000000098                PROVIDE (__data_size, SIZEOF (.data))

.bss            0x0000000000001198     0x1466 load address 0x000000000000a144
                0x0000000000001198                PROVIDE (__bss_start, .)
 *(.bss .bss.*)
 .bss           0x0000000000001198       0x72 example-mesh.co
 .bss           0x000000000000120a        0xc obj_sky/contiki-sky-main.o
 .bss           0x0000000000001216        0x2 contiki-sky.a(rime.o)
 .bss           0x0000000000001218        0x6 contiki-sky.a(announcement.o)
 .bss           0x000000000000121e       0x46 contiki-sky.a(broadcast-annou)
 .bss           0x0000000000001264       0x7e contiki-sky.a(route.o)
 .bss           0x00000000000012e2        0x1 contiki-sky.a(route-discovery)
 *fill*         0x00000000000012e3        0x1 00
 .bss           0x00000000000012e4        0x2 contiki-sky.a(channel.o)
 .bss           0x00000000000012e6      0x126 contiki-sky.a(csma.o)
 .bss           0x000000000000140c       0x74 contiki-sky.a(contikimac.o)
 .bss           0x0000000000001480      0x148 contiki-sky.a(phase.o)
 .bss           0x00000000000015c8       0x42 contiki-sky.a(process.o)
                0x00000000000015c8                process_current
                0x00000000000015ca                process_list
 .bss           0x000000000000160a        0x8 contiki-sky.a(compower.o)
 .bss           0x0000000000001612      0x10a contiki-sky.a(serial-line.o)
 .bss           0x000000000000171c        0x6 contiki-sky.a(etimer.o)
 .bss           0x0000000000001722        0x4 contiki-sky.a(ctimer.o)
 .bss           0x0000000000001726        0x2 contiki-sky.a(rtimer.o)
 .bss           0x0000000000001728       0x4c contiki-sky.a(nbr-table.o)
 .bss           0x0000000000001774       0xba contiki-sky.a(packetbuf.o)
 .bss           0x000000000000182e      0xc4e contiki-sky.a(queuebuf.o)
 .bss           0x000000000000247c        0x8 contiki-sky.a(button-sensor.o)
 .bss           0x0000000000002484        0x2 contiki-sky.a(node-id.o)
                0x0000000000002484                node_id
 .bss           0x0000000000002486        0x6 contiki-sky.a(sensors.o)
 .bss           0x000000000000248c        0xa contiki-sky.a(cc2420.o)
 .bss           0x0000000000002496       0x9a contiki-sky.a(uart1.o)
 .bss           0x0000000000002530        0xa contiki-sky.a(clock.o)
 .bss           0x000000000000253a        0x2 contiki-sky.a(leds.o)
 .bss           0x000000000000253c        0x2 contiki-sky.a(watchdog.o)
 .bss           0x000000000000253e        0x2 contiki-sky.a(framer-802154.o)
 *(COMMON)
 COMMON         0x0000000000002540        0x2 contiki-sky.a(rimeaddr.o)
                0x0000000000002540                rimeaddr_node_addr
 COMMON         0x0000000000002542        0x1 contiki-sky.a(process.o)
                0x0000000000002542                process_maxevents
 *fill*         0x0000000000002543        0x1 00
 COMMON         0x0000000000002544        0x8 contiki-sky.a(compower.o)
                0x0000000000002544                compower_idle_activity
 COMMON         0x000000000000254c        0x1 contiki-sky.a(serial-line.o)
                0x000000000000254c                serial_line_event_message
 *fill*         0x000000000000254d        0x1 00
 COMMON         0x000000000000254e       0x56 contiki-sky.a(energest.o)
                0x000000000000254e                energest_total_time
                0x000000000000257e                energest_total_count
                0x0000000000002580                energest_current_mode
                0x000000000000258c                energest_current_time
 COMMON         0x00000000000025a4       0x38 contiki-sky.a(packetbuf.o)
                0x00000000000025a4                packetbuf_addrs
                0x00000000000025ac                packetbuf_attrs
 COMMON         0x00000000000025dc        0x2 contiki-sky.a(contiki-sky-pla)
                0x00000000000025dc                sensors_flags
 COMMON         0x00000000000025de        0x8 contiki-sky.a(ds2411.o)
                0x00000000000025de                ds2411_id
 COMMON         0x00000000000025e6        0x1 contiki-sky.a(sensors.o)
                0x00000000000025e6                sensors_event
 *fill*         0x00000000000025e7        0x1 00
 COMMON         0x00000000000025e8       0x14 contiki-sky.a(cc2420.o)
                0x00000000000025e8                cc2420_last_rssi
                0x00000000000025ea                cc2420_packets_read
                0x00000000000025ec                cc2420_packets_seen
                0x00000000000025ee                cc2420_sfd_start_time
                0x00000000000025f0                cc2420_time_of_departure
                0x00000000000025f2                cc2420_time_of_arrival
                0x00000000000025f4                cc2420_last_correlation
                0x00000000000025f6                cc2420_authority_level_of_sender
                0x00000000000025f8                cc2420_sfd_counter
                0x00000000000025fa                cc2420_sfd_end_time
 COMMON         0x00000000000025fc        0x2 contiki-sky.a(msp430.o)
                0x00000000000025fc                msp430_dco_required
                0x00000000000025fe                . = ALIGN (0x2)
                0x00000000000025fe                PROVIDE (__bss_end, .)
                0x0000000000001466                PROVIDE (__bss_size, SIZEOF (.bss))

.noinit         0x00000000000025fe        0x2 load address 0x000000000000a144
                0x00000000000025fe                PROVIDE (__noinit_start, .)
 *(.noinit .noinit.*)
 .noinit.crt0   0x00000000000025fe        0x2 /usr/bin/../lib/gcc/msp430/4.6.3/mmpy-16/libcrt0.a(__watchdog_support.o)
                0x00000000000025fe                __wdt_clear_value
                0x0000000000002600                . = ALIGN (0x2)
                0x0000000000002600                PROVIDE (__noinit_end, .)
                0x0000000000002600                . = ALIGN (0x2)
                0x0000000000002600                _end = .

.infomem        0x0000000000001000        0x0
 *(.infomem)
                0x0000000000001000                . = ALIGN (0x2)
 *(.infomem.*)

.infomemnobits  0x0000000000001000        0x0
 *(.infomemnobits)
                0x0000000000001000                . = ALIGN (0x2)
 *(.infomemnobits.*)

.infoa
 *(.infoa .infoa.*)

.infob
 *(.infob .infob.*)

.infoc
 *(.infoc .infoc.*)

.infod
 *(.infod .infod.*)

.vectors        0x000000000000ffe0       0x20
                0x000000000000ffe0                PROVIDE (__vectors_start, .)
 *(.vectors*)
 .vectors       0x000000000000ffe0       0x20 /usr/bin/../lib/gcc/msp430/4.6.3/mmpy-16/crt0ivtbl16.o
                0x000000000000ffe0                __ivtbl_16
                0x0000000000010000                _vectors_end = .

.fartext        0x0000000000000000        0x0
                0x0000000000000000                . = ALIGN (0x2)
 *(.fartext)
                0x0000000000000000                . = ALIGN (0x2)
 *(.fartext.*)
                0x0000000000000000                _efartext = .

.profiler
 *(.profiler)

.stab
 *(.stab)

.stabstr
 *(.stabstr)

.stab.excl
 *(.stab.excl)

.stab.exclstr
 *(.stab.exclstr)

.stab.index
 *(.stab.index)

.stab.indexstr
 *(.stab.indexstr)

.comment
 *(.comment)

.debug
 *(.debug)

.line
 *(.line)

.debug_srcinfo
 *(.debug_srcinfo)

.debug_sfnames
 *(.debug_sfnames)

.debug_aranges  0x0000000000000000      0x17c
 *(.debug_aranges)
 .debug_aranges
                0x0000000000000000       0x14 /usr/bin/../lib/gcc/msp430/4.6.3/mmpy-16/libgcc.a(_mulsi3.o)
 .debug_aranges
                0x0000000000000014       0x14 /usr/bin/../lib/gcc/msp430/4.6.3/mmpy-16/libgcc.a(_udivmod16.o)
 .debug_aranges
                0x0000000000000028       0x14 /usr/bin/../lib/gcc/msp430/4.6.3/mmpy-16/libgcc.a(_divmod16.o)
 .debug_aranges
                0x000000000000003c       0x14 /usr/bin/../lib/gcc/msp430/4.6.3/mmpy-16/libgcc.a(_udivmod32.o)
 .debug_aranges
                0x0000000000000050       0x14 /usr/bin/../lib/gcc/msp430/4.6.3/../../../../msp430/lib/mmpy-16/libc.a(strncmp.o)
 .debug_aranges
                0x0000000000000064       0x14 /usr/bin/../lib/gcc/msp430/4.6.3/../../../../msp430/lib/mmpy-16/libc.a(memcmp.o)
 .debug_aranges
                0x0000000000000078       0x14 /usr/bin/../lib/gcc/msp430/4.6.3/../../../../msp430/lib/mmpy-16/libc.a(memcpy.o)
 .debug_aranges
                0x000000000000008c       0x14 /usr/bin/../lib/gcc/msp430/4.6.3/../../../../msp430/lib/mmpy-16/libc.a(memset.o)
 .debug_aranges
                0x00000000000000a0       0x14 /usr/bin/../lib/gcc/msp430/4.6.3/../../../../msp430/lib/mmpy-16/libc.a(printf.o)
 .debug_aranges
                0x00000000000000b4       0x14 /usr/bin/../lib/gcc/msp430/4.6.3/../../../../msp430/lib/mmpy-16/libc.a(vuprintf.o)
 .debug_aranges
                0x00000000000000c8       0x14 /usr/bin/../lib/gcc/msp430/4.6.3/../../../../msp430/lib/mmpy-16/libc.a(puts.o)
 .debug_aranges
                0x00000000000000dc       0x14 /usr/bin/../lib/gcc/msp430/4.6.3/../../../../msp430/lib/mmpy-16/libc.a(rand.o)
 .debug_aranges
                0x00000000000000f0       0x14 /usr/bin/../lib/gcc/msp430/4.6.3/mmpy-16/libgcc.a(_udivmod64.o)
 .debug_aranges
                0x0000000000000104       0x14 /usr/bin/../lib/gcc/msp430/4.6.3/mmpy-16/libcrt0.a(__watchdog_support.o)
 .debug_aranges
                0x0000000000000118       0x14 /usr/bin/../lib/gcc/msp430/4.6.3/mmpy-16/libcrt0.a(__init_stack.o)
 .debug_aranges
                0x000000000000012c       0x14 /usr/bin/../lib/gcc/msp430/4.6.3/mmpy-16/libcrt0.a(_copy_data.o)
 .debug_aranges
                0x0000000000000140       0x14 /usr/bin/../lib/gcc/msp430/4.6.3/mmpy-16/libcrt0.a(_clear_bss.o)
 .debug_aranges
                0x0000000000000154       0x14 /usr/bin/../lib/gcc/msp430/4.6.3/mmpy-16/libcrt0.a(_endless_loop__.o)
 .debug_aranges
                0x0000000000000168       0x14 /usr/bin/../lib/gcc/msp430/4.6.3/mmpy-16/libcrt0.a(_unexpected_.o)

.debug_pubnames
 *(.debug_pubnames)

.debug_info     0x0000000000000000     0x1319
 *(.debug_info)
 .debug_info    0x0000000000000000       0xba /usr/bin/../lib/gcc/msp430/4.6.3/mmpy-16/libgcc.a(_mulsi3.o)
 .debug_info    0x00000000000000ba       0xba /usr/bin/../lib/gcc/msp430/4.6.3/mmpy-16/libgcc.a(_udivmod16.o)
 .debug_info    0x0000000000000174       0xba /usr/bin/../lib/gcc/msp430/4.6.3/mmpy-16/libgcc.a(_divmod16.o)
 .debug_info    0x000000000000022e       0xba /usr/bin/../lib/gcc/msp430/4.6.3/mmpy-16/libgcc.a(_udivmod32.o)
 .debug_info    0x00000000000002e8       0xbb /usr/bin/../lib/gcc/msp430/4.6.3/../../../../msp430/lib/mmpy-16/libc.a(strncmp.o)
 .debug_info    0x00000000000003a3       0xe8 /usr/bin/../lib/gcc/msp430/4.6.3/../../../../msp430/lib/mmpy-16/libc.a(memcmp.o)
 .debug_info    0x000000000000048b      0x113 /usr/bin/../lib/gcc/msp430/4.6.3/../../../../msp430/lib/mmpy-16/libc.a(memcpy.o)
 .debug_info    0x000000000000059e       0xfe /usr/bin/../lib/gcc/msp430/4.6.3/../../../../msp430/lib/mmpy-16/libc.a(memset.o)
 .debug_info    0x000000000000069c      0x105 /usr/bin/../lib/gcc/msp430/4.6.3/../../../../msp430/lib/mmpy-16/libc.a(printf.o)
 .debug_info    0x00000000000007a1      0x565 /usr/bin/../lib/gcc/msp430/4.6.3/../../../../msp430/lib/mmpy-16/libc.a(vuprintf.o)
 .debug_info    0x0000000000000d06       0x96 /usr/bin/../lib/gcc/msp430/4.6.3/../../../../msp430/lib/mmpy-16/libc.a(puts.o)
 .debug_info    0x0000000000000d9c      0x13f /usr/bin/../lib/gcc/msp430/4.6.3/../../../../msp430/lib/mmpy-16/libc.a(rand.o)
 .debug_info    0x0000000000000edb       0xba /usr/bin/../lib/gcc/msp430/4.6.3/mmpy-16/libgcc.a(_udivmod64.o)
 .debug_info    0x0000000000000f95       0x96 /usr/bin/../lib/gcc/msp430/4.6.3/mmpy-16/libcrt0.a(__watchdog_support.o)
 .debug_info    0x000000000000102b       0x96 /usr/bin/../lib/gcc/msp430/4.6.3/mmpy-16/libcrt0.a(__init_stack.o)
 .debug_info    0x00000000000010c1       0x96 /usr/bin/../lib/gcc/msp430/4.6.3/mmpy-16/libcrt0.a(_copy_data.o)
 .debug_info    0x0000000000001157       0x96 /usr/bin/../lib/gcc/msp430/4.6.3/mmpy-16/libcrt0.a(_clear_bss.o)
 .debug_info    0x00000000000011ed       0x96 /usr/bin/../lib/gcc/msp430/4.6.3/mmpy-16/libcrt0.a(_endless_loop__.o)
 .debug_info    0x0000000000001283       0x96 /usr/bin/../lib/gcc/msp430/4.6.3/mmpy-16/libcrt0.a(_unexpected_.o)
 *(.gnu.linkonce.wi.*)

.debug_abbrev   0x0000000000000000      0x735
 *(.debug_abbrev)
 .debug_abbrev  0x0000000000000000       0x14 /usr/bin/../lib/gcc/msp430/4.6.3/mmpy-16/libgcc.a(_mulsi3.o)
 .debug_abbrev  0x0000000000000014       0x14 /usr/bin/../lib/gcc/msp430/4.6.3/mmpy-16/libgcc.a(_udivmod16.o)
 .debug_abbrev  0x0000000000000028       0x14 /usr/bin/../lib/gcc/msp430/4.6.3/mmpy-16/libgcc.a(_divmod16.o)
 .debug_abbrev  0x000000000000003c       0x14 /usr/bin/../lib/gcc/msp430/4.6.3/mmpy-16/libgcc.a(_udivmod32.o)
 .debug_abbrev  0x0000000000000050       0x7c /usr/bin/../lib/gcc/msp430/4.6.3/../../../../msp430/lib/mmpy-16/libc.a(strncmp.o)
 .debug_abbrev  0x00000000000000cc       0x9b /usr/bin/../lib/gcc/msp430/4.6.3/../../../../msp430/lib/mmpy-16/libc.a(memcmp.o)
 .debug_abbrev  0x0000000000000167       0x97 /usr/bin/../lib/gcc/msp430/4.6.3/../../../../msp430/lib/mmpy-16/libc.a(memcpy.o)
 .debug_abbrev  0x00000000000001fe       0x9c /usr/bin/../lib/gcc/msp430/4.6.3/../../../../msp430/lib/mmpy-16/libc.a(memset.o)
 .debug_abbrev  0x000000000000029a       0xd0 /usr/bin/../lib/gcc/msp430/4.6.3/../../../../msp430/lib/mmpy-16/libc.a(printf.o)
 .debug_abbrev  0x000000000000036a      0x1ef /usr/bin/../lib/gcc/msp430/4.6.3/../../../../msp430/lib/mmpy-16/libc.a(vuprintf.o)
 .debug_abbrev  0x0000000000000559       0x60 /usr/bin/../lib/gcc/msp430/4.6.3/../../../../msp430/lib/mmpy-16/libc.a(puts.o)
 .debug_abbrev  0x00000000000005b9       0xf0 /usr/bin/../lib/gcc/msp430/4.6.3/../../../../msp430/lib/mmpy-16/libc.a(rand.o)
 .debug_abbrev  0x00000000000006a9       0x14 /usr/bin/../lib/gcc/msp430/4.6.3/mmpy-16/libgcc.a(_udivmod64.o)
 .debug_abbrev  0x00000000000006bd       0x14 /usr/bin/../lib/gcc/msp430/4.6.3/mmpy-16/libcrt0.a(__watchdog_support.o)
 .debug_abbrev  0x00000000000006d1       0x14 /usr/bin/../lib/gcc/msp430/4.6.3/mmpy-16/libcrt0.a(__init_stack.o)
 .debug_abbrev  0x00000000000006e5       0x14 /usr/bin/../lib/gcc/msp430/4.6.3/mmpy-16/libcrt0.a(_copy_data.o)
 .debug_abbrev  0x00000000000006f9       0x14 /usr/bin/../lib/gcc/msp430/4.6.3/mmpy-16/libcrt0.a(_clear_bss.o)
 .debug_abbrev  0x000000000000070d       0x14 /usr/bin/../lib/gcc/msp430/4.6.3/mmpy-16/libcrt0.a(_endless_loop__.o)
 .debug_abbrev  0x0000000000000721       0x14 /usr/bin/../lib/gcc/msp430/4.6.3/mmpy-16/libcrt0.a(_unexpected_.o)

.debug_line     0x0000000000000000      0xc8b
 *(.debug_line)
 .debug_line    0x0000000000000000       0x74 /usr/bin/../lib/gcc/msp430/4.6.3/mmpy-16/libgcc.a(_mulsi3.o)
 .debug_line    0x0000000000000074       0x6d /usr/bin/../lib/gcc/msp430/4.6.3/mmpy-16/libgcc.a(_udivmod16.o)
 .debug_line    0x00000000000000e1       0x78 /usr/bin/../lib/gcc/msp430/4.6.3/mmpy-16/libgcc.a(_divmod16.o)
 .debug_line    0x0000000000000159       0x7c /usr/bin/../lib/gcc/msp430/4.6.3/mmpy-16/libgcc.a(_udivmod32.o)
 .debug_line    0x00000000000001d5       0xba /usr/bin/../lib/gcc/msp430/4.6.3/../../../../msp430/lib/mmpy-16/libc.a(strncmp.o)
 .debug_line    0x000000000000028f       0xb8 /usr/bin/../lib/gcc/msp430/4.6.3/../../../../msp430/lib/mmpy-16/libc.a(memcmp.o)
 .debug_line    0x0000000000000347      0x12e /usr/bin/../lib/gcc/msp430/4.6.3/../../../../msp430/lib/mmpy-16/libc.a(memcpy.o)
 .debug_line    0x0000000000000475      0x10d /usr/bin/../lib/gcc/msp430/4.6.3/../../../../msp430/lib/mmpy-16/libc.a(memset.o)
 .debug_line    0x0000000000000582       0xb7 /usr/bin/../lib/gcc/msp430/4.6.3/../../../../msp430/lib/mmpy-16/libc.a(printf.o)
 .debug_line    0x0000000000000639      0x317 /usr/bin/../lib/gcc/msp430/4.6.3/../../../../msp430/lib/mmpy-16/libc.a(vuprintf.o)
 .debug_line    0x0000000000000950       0x4d /usr/bin/../lib/gcc/msp430/4.6.3/../../../../msp430/lib/mmpy-16/libc.a(puts.o)
 .debug_line    0x000000000000099d       0x4f /usr/bin/../lib/gcc/msp430/4.6.3/../../../../msp430/lib/mmpy-16/libc.a(rand.o)
 .debug_line    0x00000000000009ec       0xc2 /usr/bin/../lib/gcc/msp430/4.6.3/mmpy-16/libgcc.a(_udivmod64.o)
 .debug_line    0x0000000000000aae       0x4f /usr/bin/../lib/gcc/msp430/4.6.3/mmpy-16/libcrt0.a(__watchdog_support.o)
 .debug_line    0x0000000000000afd       0x4d /usr/bin/../lib/gcc/msp430/4.6.3/mmpy-16/libcrt0.a(__init_stack.o)
 .debug_line    0x0000000000000b4a       0x53 /usr/bin/../lib/gcc/msp430/4.6.3/mmpy-16/libcrt0.a(_copy_data.o)
 .debug_line    0x0000000000000b9d       0x53 /usr/bin/../lib/gcc/msp430/4.6.3/mmpy-16/libcrt0.a(_clear_bss.o)
 .debug_line    0x0000000000000bf0       0x4e /usr/bin/../lib/gcc/msp430/4.6.3/mmpy-16/libcrt0.a(_endless_loop__.o)
 .debug_line    0x0000000000000c3e       0x4d /usr/bin/../lib/gcc/msp430/4.6.3/mmpy-16/libcrt0.a(_unexpected_.o)

.debug_frame    0x0000000000000000      0x1ec
 *(.debug_frame)
 .debug_frame   0x0000000000000000       0x24 /usr/bin/../lib/gcc/msp430/4.6.3/../../../../msp430/lib/mmpy-16/libc.a(strncmp.o)
 .debug_frame   0x0000000000000024       0x24 /usr/bin/../lib/gcc/msp430/4.6.3/../../../../msp430/lib/mmpy-16/libc.a(memcmp.o)
 .debug_frame   0x0000000000000048       0x38 /usr/bin/../lib/gcc/msp430/4.6.3/../../../../msp430/lib/mmpy-16/libc.a(memcpy.o)
 .debug_frame   0x0000000000000080       0x32 /usr/bin/../lib/gcc/msp430/4.6.3/../../../../msp430/lib/mmpy-16/libc.a(memset.o)
 .debug_frame   0x00000000000000b2       0x2a /usr/bin/../lib/gcc/msp430/4.6.3/../../../../msp430/lib/mmpy-16/libc.a(printf.o)
 .debug_frame   0x00000000000000dc       0xb0 /usr/bin/../lib/gcc/msp430/4.6.3/../../../../msp430/lib/mmpy-16/libc.a(vuprintf.o)
 .debug_frame   0x000000000000018c       0x24 /usr/bin/../lib/gcc/msp430/4.6.3/../../../../msp430/lib/mmpy-16/libc.a(puts.o)
 .debug_frame   0x00000000000001b0       0x3c /usr/bin/../lib/gcc/msp430/4.6.3/../../../../msp430/lib/mmpy-16/libc.a(rand.o)

.debug_str      0x0000000000000000      0x40d
 *(.debug_str)
 .debug_str     0x0000000000000000       0xf5 /usr/bin/../lib/gcc/msp430/4.6.3/../../../../msp430/lib/mmpy-16/libc.a(strncmp.o)
                                        0x12e (size before relaxing)
 .debug_str     0x00000000000000f5       0x19 /usr/bin/../lib/gcc/msp430/4.6.3/../../../../msp430/lib/mmpy-16/libc.a(memcmp.o)
                                        0x12c (size before relaxing)
 .debug_str     0x000000000000010e       0x34 /usr/bin/../lib/gcc/msp430/4.6.3/../../../../msp430/lib/mmpy-16/libc.a(memcpy.o)
                                        0x147 (size before relaxing)
 .debug_str     0x0000000000000142       0x26 /usr/bin/../lib/gcc/msp430/4.6.3/../../../../msp430/lib/mmpy-16/libc.a(memset.o)
                                        0x145 (size before relaxing)
 .debug_str     0x0000000000000168       0x40 /usr/bin/../lib/gcc/msp430/4.6.3/../../../../msp430/lib/mmpy-16/libc.a(printf.o)
                                        0x15b (size before relaxing)
 .debug_str     0x00000000000001a8      0x221 /usr/bin/../lib/gcc/msp430/4.6.3/../../../../msp430/lib/mmpy-16/libc.a(vuprintf.o)
                                        0x3a6 (size before relaxing)
 .debug_str     0x00000000000003c9       0x15 /usr/bin/../lib/gcc/msp430/4.6.3/../../../../msp430/lib/mmpy-16/libc.a(puts.o)
                                        0x121 (size before relaxing)
 .debug_str     0x00000000000003de       0x2f /usr/bin/../lib/gcc/msp430/4.6.3/../../../../msp430/lib/mmpy-16/libc.a(rand.o)
                                        0x140 (size before relaxing)

.debug_loc      0x0000000000000000      0xaf3
 *(.debug_loc)
 .debug_loc     0x0000000000000000       0x38 /usr/bin/../lib/gcc/msp430/4.6.3/../../../../msp430/lib/mmpy-16/libc.a(strncmp.o)
 .debug_loc     0x0000000000000038       0x5e /usr/bin/../lib/gcc/msp430/4.6.3/../../../../msp430/lib/mmpy-16/libc.a(memcmp.o)
 .debug_loc     0x0000000000000096      0x1f0 /usr/bin/../lib/gcc/msp430/4.6.3/../../../../msp430/lib/mmpy-16/libc.a(memcpy.o)
 .debug_loc     0x0000000000000286       0xdb /usr/bin/../lib/gcc/msp430/4.6.3/../../../../msp430/lib/mmpy-16/libc.a(memset.o)
 .debug_loc     0x0000000000000361       0x38 /usr/bin/../lib/gcc/msp430/4.6.3/../../../../msp430/lib/mmpy-16/libc.a(printf.o)
 .debug_loc     0x0000000000000399      0x705 /usr/bin/../lib/gcc/msp430/4.6.3/../../../../msp430/lib/mmpy-16/libc.a(vuprintf.o)
 .debug_loc     0x0000000000000a9e       0x26 /usr/bin/../lib/gcc/msp430/4.6.3/../../../../msp430/lib/mmpy-16/libc.a(puts.o)
 .debug_loc     0x0000000000000ac4       0x2f /usr/bin/../lib/gcc/msp430/4.6.3/../../../../msp430/lib/mmpy-16/libc.a(rand.o)

.debug_macinfo
 *(.debug_macinfo)

.debug_pubtypes
 *(.debug_pubtypes)

.debug_ranges   0x0000000000000000       0x18
 *(.debug_ranges)
 .debug_ranges  0x0000000000000000       0x18 /usr/bin/../lib/gcc/msp430/4.6.3/../../../../msp430/lib/mmpy-16/libc.a(vuprintf.o)
                0x0000000000003900                PROVIDE (__stack, (ORIGIN (ram) + 0x2800))
                0x000000000000a0ac                PROVIDE (__data_start_rom, _etext)
                0x000000000000a144                PROVIDE (__data_end_rom, (_etext + SIZEOF (.data)))
OUTPUT(example-mesh.sky elf32-msp430)
